Component: Arm Compiler for Embedded 6.19 Tool: armlink [5e73cb00]

==============================================================================

Section Cross References

    startup_stm32f030x6.o(STACK) refers (Special) to heapauxi.o(.text) for __use_two_region_memory
    startup_stm32f030x6.o(HEAP) refers (Special) to heapauxi.o(.text) for __use_two_region_memory
    startup_stm32f030x6.o(RESET) refers (Special) to heapauxi.o(.text) for __use_two_region_memory
    startup_stm32f030x6.o(RESET) refers to startup_stm32f030x6.o(STACK) for __initial_sp
    startup_stm32f030x6.o(RESET) refers to startup_stm32f030x6.o(.text) for Reset_Handler
    startup_stm32f030x6.o(RESET) refers to stm32f0xx_it.o(.text.NMI_Handler) for NMI_Handler
    startup_stm32f030x6.o(RESET) refers to stm32f0xx_it.o(.text.HardFault_Handler) for HardFault_Handler
    startup_stm32f030x6.o(RESET) refers to stm32f0xx_it.o(.text.SVC_Handler) for SVC_Handler
    startup_stm32f030x6.o(RESET) refers to stm32f0xx_it.o(.text.PendSV_Handler) for PendSV_Handler
    startup_stm32f030x6.o(RESET) refers to stm32f0xx_it.o(.text.SysTick_Handler) for SysTick_Handler
    startup_stm32f030x6.o(RESET) refers to stm32f0xx_it.o(.text.EXTI2_3_IRQHandler) for EXTI2_3_IRQHandler
    startup_stm32f030x6.o(RESET) refers to stm32f0xx_it.o(.text.TIM1_CC_IRQHandler) for TIM1_CC_IRQHandler
    startup_stm32f030x6.o(.text) refers (Special) to heapauxi.o(.text) for __use_two_region_memory
    startup_stm32f030x6.o(.text) refers to system_stm32f0xx.o(.text.SystemInit) for SystemInit
    startup_stm32f030x6.o(.text) refers to __main.o(!!!main) for __main
    startup_stm32f030x6.o(.text) refers to startup_stm32f030x6.o(HEAP) for Heap_Mem
    startup_stm32f030x6.o(.text) refers to startup_stm32f030x6.o(STACK) for Stack_Mem
    usart.o(.ARM.exidx.text.usart_init) refers to usart.o(.text.usart_init) for [Anonymous Symbol]
    usart.o(.ARM.exidx.text.usart_transmit) refers to usart.o(.text.usart_transmit) for [Anonymous Symbol]
    usart.o(.text.usart_print) refers to strlen.o(.text) for strlen
    usart.o(.ARM.exidx.text.usart_print) refers to usart.o(.text.usart_print) for [Anonymous Symbol]
    usart.o(.text.usart_println) refers to strlen.o(.text) for strlen
    usart.o(.ARM.exidx.text.usart_println) refers to usart.o(.text.usart_println) for [Anonymous Symbol]
    kombo_nrf24.o(.ARM.exidx.text.interrupt_off) refers to kombo_nrf24.o(.text.interrupt_off) for [Anonymous Symbol]
    kombo_nrf24.o(.ARM.exidx.text.interrupt_on) refers to kombo_nrf24.o(.text.interrupt_on) for [Anonymous Symbol]
    kombo_nrf24.o(.text.uni_delay_us) refers to aeabi_sdivfast.o(.text_divfast) for __aeabi_uidiv
    kombo_nrf24.o(.text.uni_delay_us) refers to system_stm32f0xx.o(.data.SystemCoreClock) for SystemCoreClock
    kombo_nrf24.o(.ARM.exidx.text.uni_delay_us) refers to kombo_nrf24.o(.text.uni_delay_us) for [Anonymous Symbol]
    kombo_nrf24.o(.text.nrf24_read_reg) refers to spi.o(.text.spi_change_byte) for spi_change_byte
    kombo_nrf24.o(.ARM.exidx.text.nrf24_read_reg) refers to kombo_nrf24.o(.text.nrf24_read_reg) for [Anonymous Symbol]
    kombo_nrf24.o(.text.nrf24_write_reg) refers to spi.o(.text.spi_send_byte) for spi_send_byte
    kombo_nrf24.o(.ARM.exidx.text.nrf24_write_reg) refers to kombo_nrf24.o(.text.nrf24_write_reg) for [Anonymous Symbol]
    kombo_nrf24.o(.text.nrf24_toggle_features) refers to spi.o(.text.spi_send_byte) for spi_send_byte
    kombo_nrf24.o(.text.nrf24_toggle_features) refers to aeabi_sdivfast.o(.text_divfast) for __aeabi_uidiv
    kombo_nrf24.o(.text.nrf24_toggle_features) refers to system_stm32f0xx.o(.data.SystemCoreClock) for SystemCoreClock
    kombo_nrf24.o(.ARM.exidx.text.nrf24_toggle_features) refers to kombo_nrf24.o(.text.nrf24_toggle_features) for [Anonymous Symbol]
    kombo_nrf24.o(.text.nrf24_read_buf) refers to spi.o(.text.spi_send_byte) for spi_send_byte
    kombo_nrf24.o(.text.nrf24_read_buf) refers to spi.o(.text.spi_change_byte) for spi_change_byte
    kombo_nrf24.o(.ARM.exidx.text.nrf24_read_buf) refers to kombo_nrf24.o(.text.nrf24_read_buf) for [Anonymous Symbol]
    kombo_nrf24.o(.text.nrf24_write_buf) refers to spi.o(.text.spi_send_byte) for spi_send_byte
    kombo_nrf24.o(.text.nrf24_write_buf) refers to aeabi_sdivfast.o(.text_divfast) for __aeabi_uidiv
    kombo_nrf24.o(.text.nrf24_write_buf) refers to system_stm32f0xx.o(.data.SystemCoreClock) for SystemCoreClock
    kombo_nrf24.o(.ARM.exidx.text.nrf24_write_buf) refers to kombo_nrf24.o(.text.nrf24_write_buf) for [Anonymous Symbol]
    kombo_nrf24.o(.text.nrf24_flush_rx) refers to spi.o(.text.spi_send_byte) for spi_send_byte
    kombo_nrf24.o(.text.nrf24_flush_rx) refers to aeabi_sdivfast.o(.text_divfast) for __aeabi_uidiv
    kombo_nrf24.o(.text.nrf24_flush_rx) refers to system_stm32f0xx.o(.data.SystemCoreClock) for SystemCoreClock
    kombo_nrf24.o(.ARM.exidx.text.nrf24_flush_rx) refers to kombo_nrf24.o(.text.nrf24_flush_rx) for [Anonymous Symbol]
[...]
    __rtentry2.o(.ARM.Collect$$rtentry$$0000000A) refers to libinit.o(.ARM.Collect$$libinit$$00000000) for __rt_lib_init
    __rtentry2.o(.ARM.Collect$$rtentry$$0000000B) refers to boardinit3.o(.text) for _platform_post_lib_init
    __rtentry2.o(.ARM.Collect$$rtentry$$0000000D) refers to main.o(.text.main) for main
    __rtentry2.o(.ARM.Collect$$rtentry$$0000000D) refers to exit.o(.text) for exit
    __rtentry2.o(.ARM.exidx) refers to __rtentry2.o(.ARM.Collect$$rtentry$$00000001) for .ARM.Collect$$rtentry$$00000001
    __rtentry2.o(.ARM.exidx) refers to __rtentry2.o(.ARM.Collect$$rtentry$$00000008) for .ARM.Collect$$rtentry$$00000008
    __rtentry2.o(.ARM.exidx) refers to __rtentry2.o(.ARM.Collect$$rtentry$$0000000A) for .ARM.Collect$$rtentry$$0000000A
    __rtentry2.o(.ARM.exidx) refers to __rtentry2.o(.ARM.Collect$$rtentry$$0000000B) for .ARM.Collect$$rtentry$$0000000B
    __rtentry2.o(.ARM.exidx) refers to __rtentry2.o(.ARM.Collect$$rtentry$$0000000D) for .ARM.Collect$$rtentry$$0000000D
    __rtentry4.o(.ARM.Collect$$rtentry$$00000004) refers to sys_stackheap_outer.o(.text) for __user_setup_stackheap
    __rtentry4.o(.ARM.exidx) refers to __rtentry4.o(.ARM.Collect$$rtentry$$00000004) for .ARM.Collect$$rtentry$$00000004
    rt_div0.o(.text) refers to defsig_fpe_outer.o(.text) for __rt_SIGFPE
    sys_stackheap_outer.o(.text) refers to libspace.o(.text) for __user_perproc_libspace
    sys_stackheap_outer.o(.text) refers to startup_stm32f030x6.o(.text) for __user_initial_stackheap
    sys_stackheap_outer.o(__vectab_stack_and_reset_area) refers to tempstk.o(.text) for __temporary_stack_top
    sys_stackheap_outer.o(__vectab_stack_and_reset_area) refers to __main.o(!!!main) for __main
    exit.o(.text) refers to rtexit.o(.ARM.Collect$$rtexit$$00000000) for __rt_exit
    defsig_fpe_outer.o(.text) refers to defsig_fpe_inner.o(.text) for __rt_SIGFPE_inner
    defsig_fpe_outer.o(.text) refers to defsig_exit.o(.text) for __sig_exit
    defsig_fpe_formal.o(.text) refers to rt_raise.o(.text) for __rt_raise
    libinit.o(.ARM.Collect$$libinit$$00000000) refers (Special) to libinit2.o(.ARM.Collect$$libinit$$00000030) for __rt_lib_init_alloca_1
    libinit.o(.ARM.Collect$$libinit$$00000000) refers (Special) to libinit2.o(.ARM.Collect$$libinit$$0000002E) for __rt_lib_init_argv_1
    libinit.o(.ARM.Collect$$libinit$$00000000) refers (Special) to libinit2.o(.ARM.Collect$$libinit$$0000001D) for __rt_lib_init_atexit_1
    libinit.o(.ARM.Collect$$libinit$$00000000) refers (Special) to libinit2.o(.ARM.Collect$$libinit$$00000023) for __rt_lib_init_clock_1
    libinit.o(.ARM.Collect$$libinit$$00000000) refers (Special) to libinit2.o(.ARM.Collect$$libinit$$00000034) for __rt_lib_init_cpp_1
    libinit.o(.ARM.Collect$$libinit$$00000000) refers (Special) to libinit2.o(.ARM.Collect$$libinit$$00000032) for __rt_lib_init_exceptions_1
    libinit.o(.ARM.Collect$$libinit$$00000000) refers (Special) to libinit2.o(.ARM.Collect$$libinit$$00000002) for __rt_lib_init_fp_1
    libinit.o(.ARM.Collect$$libinit$$00000000) refers (Special) to libinit2.o(.ARM.Collect$$libinit$$00000021) for __rt_lib_init_fp_trap_1
    libinit.o(.ARM.Collect$$libinit$$00000000) refers (Special) to libinit2.o(.ARM.Collect$$libinit$$00000025) for __rt_lib_init_getenv_1
    libinit.o(.ARM.Collect$$libinit$$00000000) refers (Special) to libinit2.o(.ARM.Collect$$libinit$$0000000C) for __rt_lib_init_heap_1
    libinit.o(.ARM.Collect$$libinit$$00000000) refers (Special) to libinit2.o(.ARM.Collect$$libinit$$00000013) for __rt_lib_init_lc_collate_1
    libinit.o(.ARM.Collect$$libinit$$00000000) refers (Special) to libinit2.o(.ARM.Collect$$libinit$$00000015) for __rt_lib_init_lc_ctype_1
    libinit.o(.ARM.Collect$$libinit$$00000000) refers (Special) to libinit2.o(.ARM.Collect$$libinit$$00000017) for __rt_lib_init_lc_monetary_1
    libinit.o(.ARM.Collect$$libinit$$00000000) refers (Special) to libinit2.o(.ARM.Collect$$libinit$$00000019) for __rt_lib_init_lc_numeric_1
    libinit.o(.ARM.Collect$$libinit$$00000000) refers (Special) to libinit2.o(.ARM.Collect$$libinit$$0000001B) for __rt_lib_init_lc_time_1
    libinit.o(.ARM.Collect$$libinit$$00000000) refers (Special) to libinit2.o(.ARM.Collect$$libinit$$00000006) for __rt_lib_init_preinit_1
    libinit.o(.ARM.Collect$$libinit$$00000000) refers (Special) to libinit2.o(.ARM.Collect$$libinit$$00000010) for __rt_lib_init_rand_1
    libinit.o(.ARM.Collect$$libinit$$00000000) refers (Special) to libinit2.o(.ARM.Collect$$libinit$$00000004) for __rt_lib_init_relocate_pie_1
    libinit.o(.ARM.Collect$$libinit$$00000000) refers (Special) to libinit2.o(.ARM.Collect$$libinit$$00000035) for __rt_lib_init_return
    libinit.o(.ARM.Collect$$libinit$$00000000) refers (Special) to libinit2.o(.ARM.Collect$$libinit$$0000001F) for __rt_lib_init_signal_1
    libinit.o(.ARM.Collect$$libinit$$00000000) refers (Special) to libinit2.o(.ARM.Collect$$libinit$$00000027) for __rt_lib_init_stdio_1
    libinit.o(.ARM.Collect$$libinit$$00000000) refers (Special) to libinit2.o(.ARM.Collect$$libinit$$0000000E) for __rt_lib_init_user_alloc_1
    libspace.o(.text) refers to libspace.o(.bss) for __libspace_start
    rtexit.o(.ARM.Collect$$rtexit$$00000000) refers (Special) to rtexit2.o(.ARM.Collect$$rtexit$$00000004) for __rt_exit_exit
    rtexit.o(.ARM.Collect$$rtexit$$00000000) refers (Special) to rtexit2.o(.ARM.Collect$$rtexit$$00000003) for __rt_exit_ls
    rtexit.o(.ARM.Collect$$rtexit$$00000000) refers (Special) to rtexit2.o(.ARM.Collect$$rtexit$$00000002) for __rt_exit_prels_1
    rtexit.o(.ARM.exidx) refers (Special) to rtexit2.o(.ARM.Collect$$rtexit$$00000004) for __rt_exit_exit
    rtexit.o(.ARM.exidx) refers (Special) to rtexit2.o(.ARM.Collect$$rtexit$$00000003) for __rt_exit_ls
    rtexit.o(.ARM.exidx) refers (Special) to rtexit2.o(.ARM.Collect$$rtexit$$00000002) for __rt_exit_prels_1
    rtexit.o(.ARM.exidx) refers to rtexit.o(.ARM.Collect$$rtexit$$00000000) for .ARM.Collect$$rtexit$$00000000
    rt_raise.o(.text) refers to __raise.o(.text) for __raise
    rt_raise.o(.text) refers to sys_exit.o(.text) for _sys_exit
    defsig_exit.o(.text) refers to sys_exit.o(.text) for _sys_exit
    defsig_fpe_inner.o(.text) refers to defsig_general.o(.text) for __default_signal_display
    libinit2.o(.ARM.Collect$$libinit$$00000012) refers to libinit2.o(.ARM.Collect$$libinit$$00000011) for .ARM.Collect$$libinit$$00000011
    libinit2.o(.ARM.Collect$$libinit$$00000014) refers to libinit2.o(.ARM.Collect$$libinit$$00000011) for .ARM.Collect$$libinit$$00000011
    libinit2.o(.ARM.Collect$$libinit$$00000016) refers to libinit2.o(.ARM.Collect$$libinit$$00000011) for .ARM.Collect$$libinit$$00000011
    libinit2.o(.ARM.Collect$$libinit$$00000018) refers to libinit2.o(.ARM.Collect$$libinit$$00000011) for .ARM.Collect$$libinit$$00000011
    libinit2.o(.ARM.Collect$$libinit$$0000001A) refers to libinit2.o(.ARM.Collect$$libinit$$00000011) for .ARM.Collect$$libinit$$00000011
    libinit2.o(.ARM.Collect$$libinit$$00000028) refers to argv_veneer.o(.text) for __ARM_argv_veneer
    libinit2.o(.ARM.Collect$$libinit$$00000029) refers to argv_veneer.o(.text) for __ARM_argv_veneer
    sys_exit.o(.text) refers (Special) to use_no_semi.o(.text) for __I$use$semihosting
    sys_exit.o(.text) refers (Special) to indicate_semi.o(.text) for __semihosting_library_function
    sys_exit_hlt.o(.text) refers (Special) to use_no_semi.o(.text) for __I$use$semihosting
    sys_exit_hlt.o(.text) refers (Special) to indicate_semi.o(.text) for __semihosting_library_function
    rtexit2.o(.ARM.Collect$$rtexit$$00000003) refers to libshutdown.o(.ARM.Collect$$libshutdown$$00000000) for __rt_lib_shutdown
    rtexit2.o(.ARM.Collect$$rtexit$$00000004) refers to sys_exit.o(.text) for _sys_exit
    rtexit2.o(.ARM.exidx) refers to rtexit2.o(.ARM.Collect$$rtexit$$00000001) for .ARM.Collect$$rtexit$$00000001
    rtexit2.o(.ARM.exidx) refers to rtexit2.o(.ARM.Collect$$rtexit$$00000003) for .ARM.Collect$$rtexit$$00000003
    rtexit2.o(.ARM.exidx) refers to rtexit2.o(.ARM.Collect$$rtexit$$00000004) for .ARM.Collect$$rtexit$$00000004
    __raise.o(.text) refers to defsig.o(CL$$defsig) for __default_signal_handler
    defsig_general.o(.text) refers to sys_wrch.o(.text) for _ttywrch
    sys_wrch.o(.text) refers (Special) to use_no_semi.o(.text) for __I$use$semihosting
    sys_wrch.o(.text) refers (Special) to indicate_semi.o(.text) for __semihosting_library_function
    sys_wrch_hlt.o(.text) refers (Special) to use_no_semi.o(.text) for __I$use$semihosting
    sys_wrch_hlt.o(.text) refers (Special) to indicate_semi.o(.text) for __semihosting_library_function
    defsig.o(CL$$defsig) refers to defsig_fpe_inner.o(.text) for __rt_SIGFPE_inner
    defsig.o(CL$$defsig) refers to defsig_rtmem_inner.o(.text) for __rt_SIGRTMEM_inner
    _get_argv_nomalloc.o(.text) refers (Special) to hrguard.o(.text) for __heap_region$guard
    _get_argv_nomalloc.o(.text) refers to defsig_rtmem_outer.o(.text) for __rt_SIGRTMEM
    _get_argv_nomalloc.o(.text) refers to sys_command.o(.text) for _sys_command_string
    libshutdown.o(.ARM.Collect$$libshutdown$$00000000) refers (Special) to libshutdown2.o(.ARM.Collect$$libshutdown$$00000002) for __rt_lib_shutdown_cpp_1
    libshutdown.o(.ARM.Collect$$libshutdown$$00000000) refers (Special) to libshutdown2.o(.ARM.Collect$$libshutdown$$00000007) for __rt_lib_shutdown_fp_trap_1
    libshutdown.o(.ARM.Collect$$libshutdown$$00000000) refers (Special) to libshutdown2.o(.ARM.Collect$$libshutdown$$0000000F) for __rt_lib_shutdown_heap_1
    libshutdown.o(.ARM.Collect$$libshutdown$$00000000) refers (Special) to libshutdown2.o(.ARM.Collect$$libshutdown$$00000010) for __rt_lib_shutdown_return
    libshutdown.o(.ARM.Collect$$libshutdown$$00000000) refers (Special) to libshutdown2.o(.ARM.Collect$$libshutdown$$0000000A) for __rt_lib_shutdown_signal_1
    libshutdown.o(.ARM.Collect$$libshutdown$$00000000) refers (Special) to libshutdown2.o(.ARM.Collect$$libshutdown$$00000004) for __rt_lib_shutdown_stdio_1
    libshutdown.o(.ARM.Collect$$libshutdown$$00000000) refers (Special) to libshutdown2.o(.ARM.Collect$$libshutdown$$0000000C) for __rt_lib_shutdown_user_alloc_1
    sys_command.o(.text) refers (Special) to use_no_semi.o(.text) for __I$use$semihosting
    sys_command.o(.text) refers (Special) to indicate_semi.o(.text) for __semihosting_library_function
    sys_command_hlt.o(.text) refers (Special) to use_no_semi.o(.text) for __I$use$semihosting
    sys_command_hlt.o(.text) refers (Special) to indicate_semi.o(.text) for __semihosting_library_function
    defsig_abrt_inner.o(.text) refers to defsig_general.o(.text) for __default_signal_display
    defsig_rtred_inner.o(.text) refers to defsig_general.o(.text) for __default_signal_display
    defsig_rtmem_inner.o(.text) refers to defsig_general.o(.text) for __default_signal_display
    defsig_rtmem_outer.o(.text) refers to defsig_rtmem_inner.o(.text) for __rt_SIGRTMEM_inner
    defsig_rtmem_outer.o(.text) refers to defsig_exit.o(.text) for __sig_exit
    defsig_rtmem_formal.o(.text) refers to rt_raise.o(.text) for __rt_raise
    defsig_stak_inner.o(.text) refers to defsig_general.o(.text) for __default_signal_display
    defsig_pvfn_inner.o(.text) refers to defsig_general.o(.text) for __default_signal_display
    defsig_cppl_inner.o(.text) refers to defsig_general.o(.text) for __default_signal_display
    defsig_segv_inner.o(.text) refers to defsig_general.o(.text) for __default_signal_display
    defsig_other.o(.text) refers to defsig_general.o(.text) for __default_signal_display


==============================================================================

Removing Unused input sections from the image.

    Removing usart.o(.text), (0 bytes).
    Removing usart.o(.ARM.exidx.text.usart_init), (8 bytes).
    Removing usart.o(.text.usart_transmit), (36 bytes).
    Removing usart.o(.ARM.exidx.text.usart_transmit), (8 bytes).
    Removing usart.o(.ARM.exidx.text.usart_print), (8 bytes).
    Removing usart.o(.ARM.exidx.text.usart_println), (8 bytes).
    Removing kombo_nrf24.o(.text), (0 bytes).
    Removing kombo_nrf24.o(.text.interrupt_off), (8 bytes).
    Removing kombo_nrf24.o(.ARM.exidx.text.interrupt_off), (8 bytes).
    Removing kombo_nrf24.o(.text.interrupt_on), (4 bytes).
    Removing kombo_nrf24.o(.ARM.exidx.text.interrupt_on), (8 bytes).
    Removing kombo_nrf24.o(.text.uni_delay_us), (76 bytes).
    Removing kombo_nrf24.o(.ARM.exidx.text.uni_delay_us), (8 bytes).
    Removing kombo_nrf24.o(.ARM.exidx.text.nrf24_read_reg), (8 bytes).
    Removing kombo_nrf24.o(.text.nrf24_write_reg), (32 bytes).
    Removing kombo_nrf24.o(.ARM.exidx.text.nrf24_write_reg), (8 bytes).
    Removing kombo_nrf24.o(.text.nrf24_toggle_features), (100 bytes).
    Removing kombo_nrf24.o(.ARM.exidx.text.nrf24_toggle_features), (8 bytes).
    Removing kombo_nrf24.o(.ARM.exidx.text.nrf24_read_buf), (8 bytes).
    Removing kombo_nrf24.o(.text.nrf24_write_buf), (120 bytes).
    Removing kombo_nrf24.o(.ARM.exidx.text.nrf24_write_buf), (8 bytes).
    Removing kombo_nrf24.o(.text.nrf24_flush_rx), (96 bytes).
    Removing kombo_nrf24.o(.ARM.exidx.text.nrf24_flush_rx), (8 bytes).
    Removing kombo_nrf24.o(.text.nrf24_flush_tx), (96 bytes).
    Removing kombo_nrf24.o(.ARM.exidx.text.nrf24_flush_tx), (8 bytes).
    Removing kombo_nrf24.o(.ARM.exidx.text.nrf24_rx_mode), (8 bytes).
    Removing kombo_nrf24.o(.ARM.exidx.text.nrf24_tx_mode), (8 bytes).
    Removing kombo_nrf24.o(.text.nrf24_transmit), (124 bytes).
    Removing kombo_nrf24.o(.ARM.exidx.text.nrf24_transmit), (8 bytes).
    Removing kombo_nrf24.o(.ARM.exidx.text.nrf24_send), (8 bytes).
    Removing kombo_nrf24.o(.text.nrf24_pins_init), (2 bytes).
    Removing kombo_nrf24.o(.ARM.exidx.text.nrf24_pins_init), (8 bytes).
    Removing kombo_nrf24.o(.ARM.exidx.text.nrf24_init), (8 bytes).
    Removing kombo_nrf24.o(.ARM.exidx.text.irq_callback), (8 bytes).
    Removing spi.o(.text), (0 bytes).
    Removing spi.o(.text.spi_init), (16 bytes).
    Removing spi.o(.ARM.exidx.text.spi_init), (8 bytes).
    Removing spi.o(.ARM.exidx.text.spi_send_byte), (8 bytes).
    Removing spi.o(.ARM.exidx.text.spi_change_byte), (8 bytes).
    Removing main.o(.text), (0 bytes).
    Removing main.o(.ARM.exidx.text.nrf_info_print), (8 bytes).
    Removing main.o(.text.blink_led), (48 bytes).
    Removing main.o(.ARM.exidx.text.blink_led), (8 bytes).
    Removing main.o(.text.nrf24l01_receive), (136 bytes).
    Removing main.o(.ARM.exidx.text.nrf24l01_receive), (8 bytes).
    Removing main.o(.ARM.exidx.text.main), (8 bytes).
    Removing main.o(.ARM.exidx.text.SystemClock_Config), (8 bytes).
    Removing main.o(.ARM.exidx.text.TIM1_Callback), (8 bytes).
    Removing main.o(.text.Error_Handler), (8 bytes).
    Removing main.o(.ARM.exidx.text.Error_Handler), (8 bytes).
    Removing main.o(.ARM.use_no_argv), (4 bytes).
    Removing stm32f0xx_it.o(.text), (0 bytes).
    Removing stm32f0xx_it.o(.ARM.exidx.text.NMI_Handler), (8 bytes).
    Removing stm32f0xx_it.o(.ARM.exidx.text.HardFault_Handler), (8 bytes).
    Removing stm32f0xx_it.o(.ARM.exidx.text.SVC_Handler), (8 bytes).
    Removing stm32f0xx_it.o(.ARM.exidx.text.PendSV_Handler), (8 bytes).
    Removing stm32f0xx_it.o(.ARM.exidx.text.SysTick_Handler), (8 bytes).
    Removing stm32f0xx_it.o(.ARM.exidx.text.EXTI2_3_IRQHandler), (8 bytes).
    Removing stm32f0xx_it.o(.ARM.exidx.text.TIM1_CC_IRQHandler), (8 bytes).
    Removing stm32f0xx_ll_gpio.o(.text), (0 bytes).
    Removing stm32f0xx_ll_gpio.o(.text.LL_GPIO_DeInit), (108 bytes).
    Removing stm32f0xx_ll_gpio.o(.ARM.exidx.text.LL_GPIO_DeInit), (8 bytes).
    Removing stm32f0xx_ll_gpio.o(.ARM.exidx.text.LL_GPIO_Init), (8 bytes).
    Removing stm32f0xx_ll_gpio.o(.text.LL_GPIO_StructInit), (24 bytes).
    Removing stm32f0xx_ll_gpio.o(.ARM.exidx.text.LL_GPIO_StructInit), (8 bytes).
    Removing stm32f0xx_ll_rcc.o(.text), (0 bytes).
    Removing stm32f0xx_ll_rcc.o(.text.LL_RCC_DeInit), (216 bytes).
    Removing stm32f0xx_ll_rcc.o(.ARM.exidx.text.LL_RCC_DeInit), (8 bytes).
    Removing stm32f0xx_ll_rcc.o(.text.LL_RCC_GetSystemClocksFreq), (104 bytes).
    Removing stm32f0xx_ll_rcc.o(.ARM.exidx.text.LL_RCC_GetSystemClocksFreq), (8 bytes).
    Removing stm32f0xx_ll_rcc.o(.text.RCC_GetSystemClockFreq), (64 bytes).
    Removing stm32f0xx_ll_rcc.o(.ARM.exidx.text.RCC_GetSystemClockFreq), (8 bytes).
    Removing stm32f0xx_ll_rcc.o(.text.RCC_GetHCLKClockFreq), (24 bytes).
    Removing stm32f0xx_ll_rcc.o(.ARM.exidx.text.RCC_GetHCLKClockFreq), (8 bytes).
    Removing stm32f0xx_ll_rcc.o(.text.RCC_GetPCLK1ClockFreq), (24 bytes).
    Removing stm32f0xx_ll_rcc.o(.ARM.exidx.text.RCC_GetPCLK1ClockFreq), (8 bytes).
    Removing stm32f0xx_ll_rcc.o(.ARM.exidx.text.LL_RCC_GetUSARTClockFreq), (8 bytes).
    Removing stm32f0xx_ll_rcc.o(.text.LL_RCC_GetI2CClockFreq), (92 bytes).
    Removing stm32f0xx_ll_rcc.o(.ARM.exidx.text.LL_RCC_GetI2CClockFreq), (8 bytes).
    Removing stm32f0xx_ll_rcc.o(.text.RCC_PLL_GetFreqDomain_SYS), (52 bytes).
    Removing stm32f0xx_ll_rcc.o(.ARM.exidx.text.RCC_PLL_GetFreqDomain_SYS), (8 bytes).
    Removing stm32f0xx_ll_utils.o(.text), (0 bytes).
    Removing stm32f0xx_ll_utils.o(.ARM.exidx.text.LL_Init1msTick), (8 bytes).
    Removing stm32f0xx_ll_utils.o(.ARM.exidx.text.LL_mDelay), (8 bytes).
    Removing stm32f0xx_ll_utils.o(.ARM.exidx.text.LL_SetSystemCoreClock), (8 bytes).
    Removing stm32f0xx_ll_utils.o(.text.LL_SetFlashLatency), (68 bytes).
    Removing stm32f0xx_ll_utils.o(.ARM.exidx.text.LL_SetFlashLatency), (8 bytes).
    Removing stm32f0xx_ll_utils.o(.text.LL_PLL_ConfigSystemClock_HSI), (108 bytes).
    Removing stm32f0xx_ll_utils.o(.ARM.exidx.text.LL_PLL_ConfigSystemClock_HSI), (8 bytes).
    Removing stm32f0xx_ll_utils.o(.text.UTILS_EnablePLLAndSwitchSystem), (276 bytes).
    Removing stm32f0xx_ll_utils.o(.ARM.exidx.text.UTILS_EnablePLLAndSwitchSystem), (8 bytes).
    Removing stm32f0xx_ll_utils.o(.text.LL_PLL_ConfigSystemClock_HSE), (152 bytes).
    Removing stm32f0xx_ll_utils.o(.ARM.exidx.text.LL_PLL_ConfigSystemClock_HSE), (8 bytes).
    Removing stm32f0xx_ll_exti.o(.text), (0 bytes).
    Removing stm32f0xx_ll_exti.o(.text.LL_EXTI_DeInit), (36 bytes).
    Removing stm32f0xx_ll_exti.o(.ARM.exidx.text.LL_EXTI_DeInit), (8 bytes).
    Removing stm32f0xx_ll_exti.o(.ARM.exidx.text.LL_EXTI_Init), (8 bytes).
    Removing stm32f0xx_ll_exti.o(.text.LL_EXTI_StructInit), (12 bytes).
    Removing stm32f0xx_ll_exti.o(.ARM.exidx.text.LL_EXTI_StructInit), (8 bytes).
    Removing stm32f0xx_ll_spi.o(.text), (0 bytes).
    Removing stm32f0xx_ll_spi.o(.text.LL_SPI_DeInit), (40 bytes).
    Removing stm32f0xx_ll_spi.o(.ARM.exidx.text.LL_SPI_DeInit), (8 bytes).
    Removing stm32f0xx_ll_spi.o(.ARM.exidx.text.LL_SPI_Init), (8 bytes).
    Removing stm32f0xx_ll_spi.o(.text.LL_SPI_StructInit), (28 bytes).
    Removing stm32f0xx_ll_spi.o(.ARM.exidx.text.LL_SPI_StructInit), (8 bytes).
    Removing stm32f0xx_ll_dma.o(.text), (0 bytes).
    Removing stm32f0xx_ll_dma.o(.text.LL_DMA_DeInit), (124 bytes).
    Removing stm32f0xx_ll_dma.o(.ARM.exidx.text.LL_DMA_DeInit), (8 bytes).
    Removing stm32f0xx_ll_dma.o(.text.LL_DMA_Init), (88 bytes).
    Removing stm32f0xx_ll_dma.o(.ARM.exidx.text.LL_DMA_Init), (8 bytes).
    Removing stm32f0xx_ll_dma.o(.text.LL_DMA_StructInit), (10 bytes).
    Removing stm32f0xx_ll_dma.o(.ARM.exidx.text.LL_DMA_StructInit), (8 bytes).
    Removing stm32f0xx_ll_pwr.o(.text), (0 bytes).
    Removing stm32f0xx_ll_pwr.o(.text.LL_PWR_DeInit), (28 bytes).
    Removing stm32f0xx_ll_pwr.o(.ARM.exidx.text.LL_PWR_DeInit), (8 bytes).
    Removing stm32f0xx_ll_tim.o(.text), (0 bytes).
    Removing stm32f0xx_ll_tim.o(.text.LL_TIM_DeInit), (160 bytes).
    Removing stm32f0xx_ll_tim.o(.ARM.exidx.text.LL_TIM_DeInit), (8 bytes).
    Removing stm32f0xx_ll_tim.o(.text.LL_TIM_StructInit), (16 bytes).
    Removing stm32f0xx_ll_tim.o(.ARM.exidx.text.LL_TIM_StructInit), (8 bytes).
    Removing stm32f0xx_ll_tim.o(.ARM.exidx.text.LL_TIM_Init), (8 bytes).
    Removing stm32f0xx_ll_tim.o(.text.LL_TIM_OC_StructInit), (20 bytes).
    Removing stm32f0xx_ll_tim.o(.ARM.exidx.text.LL_TIM_OC_StructInit), (8 bytes).
    Removing stm32f0xx_ll_tim.o(.text.LL_TIM_OC_Init), (548 bytes).
    Removing stm32f0xx_ll_tim.o(.ARM.exidx.text.LL_TIM_OC_Init), (8 bytes).
    Removing stm32f0xx_ll_tim.o(.text.LL_TIM_IC_StructInit), (14 bytes).
    Removing stm32f0xx_ll_tim.o(.ARM.exidx.text.LL_TIM_IC_StructInit), (8 bytes).
    Removing stm32f0xx_ll_tim.o(.text.LL_TIM_IC_Init), (226 bytes).
    Removing stm32f0xx_ll_tim.o(.ARM.exidx.text.LL_TIM_IC_Init), (8 bytes).
    Removing stm32f0xx_ll_tim.o(.text.LL_TIM_ENCODER_StructInit), (26 bytes).
    Removing stm32f0xx_ll_tim.o(.ARM.exidx.text.LL_TIM_ENCODER_StructInit), (8 bytes).
    Removing stm32f0xx_ll_tim.o(.text.LL_TIM_ENCODER_Init), (92 bytes).
    Removing stm32f0xx_ll_tim.o(.ARM.exidx.text.LL_TIM_ENCODER_Init), (8 bytes).
    Removing stm32f0xx_ll_tim.o(.text.LL_TIM_HALLSENSOR_StructInit), (12 bytes).
    Removing stm32f0xx_ll_tim.o(.ARM.exidx.text.LL_TIM_HALLSENSOR_StructInit), (8 bytes).
    Removing stm32f0xx_ll_tim.o(.text.LL_TIM_HALLSENSOR_Init), (88 bytes).
    Removing stm32f0xx_ll_tim.o(.ARM.exidx.text.LL_TIM_HALLSENSOR_Init), (8 bytes).
    Removing stm32f0xx_ll_tim.o(.text.LL_TIM_BDTR_StructInit), (18 bytes).
    Removing stm32f0xx_ll_tim.o(.ARM.exidx.text.LL_TIM_BDTR_StructInit), (8 bytes).
    Removing stm32f0xx_ll_tim.o(.text.LL_TIM_BDTR_Init), (64 bytes).
    Removing stm32f0xx_ll_tim.o(.ARM.exidx.text.LL_TIM_BDTR_Init), (8 bytes).
    Removing stm32f0xx_ll_usart.o(.text), (0 bytes).
    Removing stm32f0xx_ll_usart.o(.text.LL_USART_DeInit), (40 bytes).
    Removing stm32f0xx_ll_usart.o(.ARM.exidx.text.LL_USART_DeInit), (8 bytes).
    Removing stm32f0xx_ll_usart.o(.ARM.exidx.text.LL_USART_Init), (8 bytes).
    Removing stm32f0xx_ll_usart.o(.text.LL_USART_StructInit), (24 bytes).
    Removing stm32f0xx_ll_usart.o(.ARM.exidx.text.LL_USART_StructInit), (8 bytes).
    Removing stm32f0xx_ll_usart.o(.text.LL_USART_ClockInit), (62 bytes).
    Removing stm32f0xx_ll_usart.o(.ARM.exidx.text.LL_USART_ClockInit), (8 bytes).
    Removing stm32f0xx_ll_usart.o(.text.LL_USART_ClockStructInit), (12 bytes).
    Removing stm32f0xx_ll_usart.o(.ARM.exidx.text.LL_USART_ClockStructInit), (8 bytes).
    Removing system_stm32f0xx.o(.text), (0 bytes).
    Removing system_stm32f0xx.o(.ARM.exidx.text.SystemInit), (8 bytes).
    Removing system_stm32f0xx.o(.text.SystemCoreClockUpdate), (96 bytes).
    Removing system_stm32f0xx.o(.ARM.exidx.text.SystemCoreClockUpdate), (8 bytes).

155 unused section(s) (total 4790 bytes) removed from the image.

==============================================================================

Image Symbol Table

    Local Symbols

    Symbol Name                              Value     Ov Type        Size  Object(Section)

    ../clib/angel/boardlib.s                 0x00000000   Number         0  boardinit1.o ABSOLUTE
    ../clib/angel/boardlib.s                 0x00000000   Number         0  boardinit2.o ABSOLUTE
    ../clib/angel/boardlib.s                 0x00000000   Number         0  boardinit3.o ABSOLUTE
    ../clib/angel/boardlib.s                 0x00000000   Number         0  boardshut.o ABSOLUTE
    ../clib/angel/handlers.s                 0x00000000   Number         0  __scatter_copy.o ABSOLUTE
    ../clib/angel/handlers.s                 0x00000000   Number         0  __scatter_zi.o ABSOLUTE
    ../clib/angel/kernel.s                   0x00000000   Number         0  __rtentry.o ABSOLUTE
    ../clib/angel/kernel.s                   0x00000000   Number         0  __rtentry2.o ABSOLUTE
    ../clib/angel/kernel.s                   0x00000000   Number         0  __rtentry4.o ABSOLUTE
    ../clib/angel/kernel.s                   0x00000000   Number         0  rtexit.o ABSOLUTE
    ../clib/angel/kernel.s                   0x00000000   Number         0  rtexit2.o ABSOLUTE
    ../clib/angel/rt.s                       0x00000000   Number         0  aeabi_idiv0.o ABSOLUTE
    ../clib/angel/rt.s                       0x00000000   Number         0  aeabi_idiv0_sigfpe.o ABSOLUTE
    ../clib/angel/rt.s                       0x00000000   Number         0  rt_div0.o ABSOLUTE
    ../clib/angel/rt.s                       0x00000000   Number         0  rt_raise.o ABSOLUTE
    ../clib/angel/scatterp.s                 0x00000000   Number         0  __scatter.o ABSOLUTE
    ../clib/angel/startup.s                  0x00000000   Number         0  __main.o ABSOLUTE
    ../clib/angel/sys.s                      0x00000000   Number         0  sys_stackheap_outer.o ABSOLUTE
    ../clib/angel/sys.s                      0x00000000   Number         0  libspace.o ABSOLUTE
    ../clib/angel/sys.s                      0x00000000   Number         0  tempstk.o ABSOLUTE
    ../clib/angel/sys.s                      0x00000000   Number         0  use_no_semi.o ABSOLUTE
    ../clib/angel/sys.s                      0x00000000   Number         0  indicate_semi.o ABSOLUTE
    ../clib/angel/sysapp.c                   0x00000000   Number         0  sys_exit.o ABSOLUTE
    ../clib/angel/sysapp.c                   0x00000000   Number         0  sys_exit_hlt.o ABSOLUTE
    ../clib/angel/sysapp.c                   0x00000000   Number         0  sys_wrch.o ABSOLUTE
    ../clib/angel/sysapp.c                   0x00000000   Number         0  sys_wrch_hlt.o ABSOLUTE
    ../clib/angel/sysapp.c                   0x00000000   Number         0  sys_command.o ABSOLUTE
    ../clib/angel/sysapp.c                   0x00000000   Number         0  sys_command_hlt.o ABSOLUTE
    ../clib/armsys.c                         0x00000000   Number         0  argv_veneer.o ABSOLUTE
    ../clib/armsys.c                         0x00000000   Number         0  _get_argv_nomalloc.o ABSOLUTE
    ../clib/armsys.c                         0x00000000   Number         0  no_argv.o ABSOLUTE
    ../clib/division.c                       0x00000000   Number         0  rtudiv10.o ABSOLUTE
    ../clib/division.s                       0x00000000   Number         0  aeabi_sdivfast.o ABSOLUTE
    ../clib/division.s                       0x00000000   Number         0  aeabi_sdivfast_div0.o ABSOLUTE
    ../clib/heapalloc.c                      0x00000000   Number         0  hrguard.o ABSOLUTE
    ../clib/heapaux.c                        0x00000000   Number         0  heapauxi.o ABSOLUTE
    ../clib/libinit.s                        0x00000000   Number         0  libinit.o ABSOLUTE
    ../clib/libinit.s                        0x00000000   Number         0  libinit2.o ABSOLUTE
    ../clib/libinit.s                        0x00000000   Number         0  libshutdown.o ABSOLUTE
    ../clib/libinit.s                        0x00000000   Number         0  libshutdown2.o ABSOLUTE
    ../clib/memcpset.c                       0x00000000   Number         0  rt_memclr.o ABSOLUTE
    ../clib/misc.s                           0x00000000   Number         0  printf_stubs.o ABSOLUTE
    ../clib/printf.c                         0x00000000   Number         0  __2sprintf.o ABSOLUTE
    ../clib/printf.c                         0x00000000   Number         0  noretval__2sprintf.o ABSOLUTE
    ../clib/printf.c                         0x00000000   Number         0  __printf.o ABSOLUTE
    ../clib/printf.c                         0x00000000   Number         0  _printf_pad.o ABSOLUTE
    ../clib/printf.c                         0x00000000   Number         0  _printf_dec.o ABSOLUTE
    ../clib/printf.c                         0x00000000   Number         0  _printf_hex_ll.o ABSOLUTE
    ../clib/printf.c                         0x00000000   Number         0  _printf_hex_int.o ABSOLUTE
    ../clib/printf.c                         0x00000000   Number         0  _printf_hex_int_ll.o ABSOLUTE
    ../clib/printf.c                         0x00000000   Number         0  _printf_hex_ptr.o ABSOLUTE
    ../clib/printf.c                         0x00000000   Number         0  _printf_hex_int_ptr.o ABSOLUTE
    ../clib/printf.c                         0x00000000   Number         0  _printf_hex_ll_ptr.o ABSOLUTE
    ../clib/printf.c                         0x00000000   Number         0  _printf_hex_int_ll_ptr.o ABSOLUTE
    ../clib/printf.c                         0x00000000   Number         0  __printf_flags.o ABSOLUTE
    ../clib/printf.c                         0x00000000   Number         0  __printf_ss.o ABSOLUTE
    ../clib/printf.c                         0x00000000   Number         0  __printf_flags_ss.o ABSOLUTE
    ../clib/printf.c                         0x00000000   Number         0  __printf_wp.o ABSOLUTE
    ../clib/printf.c                         0x00000000   Number         0  __printf_flags_wp.o ABSOLUTE
    ../clib/printf.c                         0x00000000   Number         0  __printf_ss_wp.o ABSOLUTE
    ../clib/printf.c                         0x00000000   Number         0  __printf_flags_ss_wp.o ABSOLUTE
    ../clib/printf.c                         0x00000000   Number         0  _printf_intcommon.o ABSOLUTE
    ../clib/printf.c                         0x00000000   Number         0  _printf_char_common.o ABSOLUTE
    ../clib/printf.c                         0x00000000   Number         0  _sputc.o ABSOLUTE
    ../clib/printf.c                         0x00000000   Number         0  __printf_nopercent.o ABSOLUTE
    ../clib/printf_percent.s                 0x00000000   Number         0  _printf_x.o ABSOLUTE
    ../clib/printf_percent.s                 0x00000000   Number         0  _printf_d.o ABSOLUTE
    ../clib/printf_percent.s                 0x00000000   Number         0  _printf_percent.o ABSOLUTE
    ../clib/printf_percent.s                 0x00000000   Number         0  _printf_percent_end.o ABSOLUTE
    ../clib/signal.c                         0x00000000   Number         0  defsig_fpe_outer.o ABSOLUTE
    ../clib/signal.c                         0x00000000   Number         0  defsig_fpe_formal.o ABSOLUTE
    ../clib/signal.c                         0x00000000   Number         0  defsig_exit.o ABSOLUTE
    ../clib/signal.c                         0x00000000   Number         0  defsig_fpe_inner.o ABSOLUTE
    ../clib/signal.c                         0x00000000   Number         0  __raise.o ABSOLUTE
    ../clib/signal.c                         0x00000000   Number         0  defsig_general.o ABSOLUTE
    ../clib/signal.c                         0x00000000   Number         0  defsig_abrt_inner.o ABSOLUTE
    ../clib/signal.c                         0x00000000   Number         0  defsig_rtred_inner.o ABSOLUTE
    ../clib/signal.c                         0x00000000   Number         0  defsig_rtmem_inner.o ABSOLUTE
    ../clib/signal.c                         0x00000000   Number         0  defsig_rtmem_outer.o ABSOLUTE
    ../clib/signal.c                         0x00000000   Number         0  defsig_rtmem_formal.o ABSOLUTE
    ../clib/signal.c                         0x00000000   Number         0  defsig_stak_inner.o ABSOLUTE
    ../clib/signal.c                         0x00000000   Number         0  defsig_pvfn_inner.o ABSOLUTE
    ../clib/signal.c                         0x00000000   Number         0  defsig_cppl_inner.o ABSOLUTE
    ../clib/signal.c                         0x00000000   Number         0  defsig_segv_inner.o ABSOLUTE
    ../clib/signal.c                         0x00000000   Number         0  defsig_other.o ABSOLUTE
    ../clib/signal.s                         0x00000000   Number         0  defsig.o ABSOLUTE
    ../clib/stdlib.c                         0x00000000   Number         0  exit.o ABSOLUTE
    ../clib/string.c                         0x00000000   Number         0  strlen.o ABSOLUTE
    ../fplib/cfplib/fpinit.c                 0x00000000   Number         0  fpinit.o ABSOLUTE
    dc.s                                     0x00000000   Number         0  dc.o ABSOLUTE
    kombo_nrf24.c                            0x00000000   Number         0  kombo_nrf24.o ABSOLUTE
    main.c                                   0x00000000   Number         0  main.o ABSOLUTE
    spi.c                                    0x00000000   Number         0  spi.o ABSOLUTE
    startup_stm32f030x6.s                    0x00000000   Number         0  startup_stm32f030x6.o ABSOLUTE
    stm32f0xx_it.c                           0x00000000   Number         0  stm32f0xx_it.o ABSOLUTE
    stm32f0xx_ll_dma.c                       0x00000000   Number         0  stm32f0xx_ll_dma.o ABSOLUTE
    stm32f0xx_ll_exti.c                      0x00000000   Number         0  stm32f0xx_ll_exti.o ABSOLUTE
    stm32f0xx_ll_gpio.c                      0x00000000   Number         0  stm32f0xx_ll_gpio.o ABSOLUTE
    stm32f0xx_ll_pwr.c                       0x00000000   Number         0  stm32f0xx_ll_pwr.o ABSOLUTE
    stm32f0xx_ll_rcc.c                       0x00000000   Number         0  stm32f0xx_ll_rcc.o ABSOLUTE
    stm32f0xx_ll_spi.c                       0x00000000   Number         0  stm32f0xx_ll_spi.o ABSOLUTE
    stm32f0xx_ll_tim.c                       0x00000000   Number         0  stm32f0xx_ll_tim.o ABSOLUTE
    stm32f0xx_ll_usart.c                     0x00000000   Number         0  stm32f0xx_ll_usart.o ABSOLUTE
    stm32f0xx_ll_utils.c                     0x00000000   Number         0  stm32f0xx_ll_utils.o ABSOLUTE
    system_stm32f0xx.c                       0x00000000   Number         0  system_stm32f0xx.o ABSOLUTE
    usart.c                                  0x00000000   Number         0  usart.o ABSOLUTE
    RESET                                    0x08000000   Section      176  startup_stm32f030x6.o(RESET)
    !!!main                                  0x080000b0   Section        8  __main.o(!!!main)
    !!!scatter                               0x080000b8   Section       60  __scatter.o(!!!scatter)
    !!handler_copy                           0x080000f4   Section       26  __scatter_copy.o(!!handler_copy)
    !!handler_zi                             0x08000110   Section       28  __scatter_zi.o(!!handler_zi)
    .ARM.Collect$$_printf_percent$$00000000  0x0800012c   Section        2  _printf_percent.o(.ARM.Collect$$_printf_percent$$00000000)
    .ARM.Collect$$_printf_percent$$00000009  0x0800012e   Section       10  _printf_d.o(.ARM.Collect$$_printf_percent$$00000009)
    .ARM.Collect$$_printf_percent$$0000000C  0x08000138   Section       10  _printf_x.o(.ARM.Collect$$_printf_percent$$0000000C)
    .ARM.Collect$$_printf_percent$$00000017  0x08000142   Section        4  _printf_percent_end.o(.ARM.Collect$$_printf_percent$$00000017)
    .ARM.Collect$$libinit$$00000000          0x08000146   Section        2  libinit.o(.ARM.Collect$$libinit$$00000000)
    .ARM.Collect$$libinit$$00000002          0x08000148   Section        0  libinit2.o(.ARM.Collect$$libinit$$00000002)
    .ARM.Collect$$libinit$$00000004          0x08000148   Section        0  libinit2.o(.ARM.Collect$$libinit$$00000004)
    .ARM.Collect$$libinit$$00000006          0x08000148   Section        0  libinit2.o(.ARM.Collect$$libinit$$00000006)
    .ARM.Collect$$libinit$$0000000C          0x08000148   Section        0  libinit2.o(.ARM.Collect$$libinit$$0000000C)
    .ARM.Collect$$libinit$$0000000E          0x08000148   Section        0  libinit2.o(.ARM.Collect$$libinit$$0000000E)
    .ARM.Collect$$libinit$$00000010          0x08000148   Section        0  libinit2.o(.ARM.Collect$$libinit$$00000010)
    .ARM.Collect$$libinit$$00000013          0x08000148   Section        0  libinit2.o(.ARM.Collect$$libinit$$00000013)
    .ARM.Collect$$libinit$$00000015          0x08000148   Section        0  libinit2.o(.ARM.Collect$$libinit$$00000015)
    .ARM.Collect$$libinit$$00000017          0x08000148   Section        0  libinit2.o(.ARM.Collect$$libinit$$00000017)
    .ARM.Collect$$libinit$$00000019          0x08000148   Section        0  libinit2.o(.ARM.Collect$$libinit$$00000019)
    .ARM.Collect$$libinit$$0000001B          0x08000148   Section        0  libinit2.o(.ARM.Collect$$libinit$$0000001B)
    .ARM.Collect$$libinit$$0000001D          0x08000148   Section        0  libinit2.o(.ARM.Collect$$libinit$$0000001D)
    .ARM.Collect$$libinit$$0000001F          0x08000148   Section        0  libinit2.o(.ARM.Collect$$libinit$$0000001F)
    .ARM.Collect$$libinit$$00000021          0x08000148   Section        0  libinit2.o(.ARM.Collect$$libinit$$00000021)
    .ARM.Collect$$libinit$$00000023          0x08000148   Section        0  libinit2.o(.ARM.Collect$$libinit$$00000023)
    .ARM.Collect$$libinit$$00000025          0x08000148   Section        0  libinit2.o(.ARM.Collect$$libinit$$00000025)
    .ARM.Collect$$libinit$$00000027          0x08000148   Section        0  libinit2.o(.ARM.Collect$$libinit$$00000027)
    .ARM.Collect$$libinit$$0000002E          0x08000148   Section        0  libinit2.o(.ARM.Collect$$libinit$$0000002E)
    .ARM.Collect$$libinit$$00000030          0x08000148   Section        0  libinit2.o(.ARM.Collect$$libinit$$00000030)
    .ARM.Collect$$libinit$$00000032          0x08000148   Section        0  libinit2.o(.ARM.Collect$$libinit$$00000032)
    .ARM.Collect$$libinit$$00000034          0x08000148   Section        0  libinit2.o(.ARM.Collect$$libinit$$00000034)
    .ARM.Collect$$libinit$$00000035          0x08000148   Section        2  libinit2.o(.ARM.Collect$$libinit$$00000035)
    .ARM.Collect$$libshutdown$$00000000      0x0800014a   Section        2  libshutdown.o(.ARM.Collect$$libshutdown$$00000000)
    .ARM.Collect$$libshutdown$$00000002      0x0800014c   Section        0  libshutdown2.o(.ARM.Collect$$libshutdown$$00000002)
    .ARM.Collect$$libshutdown$$00000004      0x0800014c   Section        0  libshutdown2.o(.ARM.Collect$$libshutdown$$00000004)
    .ARM.Collect$$libshutdown$$00000007      0x0800014c   Section        0  libshutdown2.o(.ARM.Collect$$libshutdown$$00000007)
    .ARM.Collect$$libshutdown$$0000000A      0x0800014c   Section        0  libshutdown2.o(.ARM.Collect$$libshutdown$$0000000A)
    .ARM.Collect$$libshutdown$$0000000C      0x0800014c   Section        0  libshutdown2.o(.ARM.Collect$$libshutdown$$0000000C)
    .ARM.Collect$$libshutdown$$0000000F      0x0800014c   Section        0  libshutdown2.o(.ARM.Collect$$libshutdown$$0000000F)
    .ARM.Collect$$libshutdown$$00000010      0x0800014c   Section        2  libshutdown2.o(.ARM.Collect$$libshutdown$$00000010)
    .ARM.Collect$$rtentry$$00000000          0x0800014e   Section        0  __rtentry.o(.ARM.Collect$$rtentry$$00000000)
    .ARM.Collect$$rtentry$$00000002          0x0800014e   Section        0  __rtentry2.o(.ARM.Collect$$rtentry$$00000002)
    .ARM.Collect$$rtentry$$00000004          0x0800014e   Section        6  __rtentry4.o(.ARM.Collect$$rtentry$$00000004)
    .ARM.Collect$$rtentry$$00000009          0x08000154   Section        0  __rtentry2.o(.ARM.Collect$$rtentry$$00000009)
    .ARM.Collect$$rtentry$$0000000A          0x08000154   Section        4  __rtentry2.o(.ARM.Collect$$rtentry$$0000000A)
    .ARM.Collect$$rtentry$$0000000C          0x08000158   Section        0  __rtentry2.o(.ARM.Collect$$rtentry$$0000000C)
    .ARM.Collect$$rtentry$$0000000D          0x08000158   Section        8  __rtentry2.o(.ARM.Collect$$rtentry$$0000000D)
    .ARM.Collect$$rtexit$$00000000           0x08000160   Section        2  rtexit.o(.ARM.Collect$$rtexit$$00000000)
    .ARM.Collect$$rtexit$$00000002           0x08000162   Section        0  rtexit2.o(.ARM.Collect$$rtexit$$00000002)
    .ARM.Collect$$rtexit$$00000003           0x08000162   Section        4  rtexit2.o(.ARM.Collect$$rtexit$$00000003)
    .ARM.Collect$$rtexit$$00000004           0x08000166   Section        6  rtexit2.o(.ARM.Collect$$rtexit$$00000004)
    .text                                    0x0800016c   Section       56  startup_stm32f030x6.o(.text)
    .text                                    0x080001a4   Section        0  noretval__2sprintf.o(.text)
    .text                                    0x080001cc   Section        0  _printf_pad.o(.text)
    .text                                    0x0800021c   Section        0  _printf_dec.o(.text)
    .text                                    0x08000288   Section        0  _printf_hex_int.o(.text)
    .text                                    0x080002e0   Section        0  __printf_flags_wp.o(.text)
    .text                                    0x08000418   Section        0  strlen.o(.text)
    .text                                    0x0800045c   Section        0  heapauxi.o(.text)
    .text                                    0x08000462   Section        0  _printf_intcommon.o(.text)
    _printf_input_char                       0x08000515   Thumb Code    10  _printf_char_common.o(.text)
    .text                                    0x08000514   Section        0  _printf_char_common.o(.text)
    .text                                    0x08000544   Section        0  _sputc.o(.text)
    .text                                    0x0800054e   Section        0  rtudiv10.o(.text)
    .text                                    0x08000576   Section       62  sys_stackheap_outer.o(.text)
    .text                                    0x080005b4   Section        0  exit.o(.text)
    .text                                    0x080005c4   Section        8  libspace.o(.text)
    .text                                    0x080005cc   Section        0  sys_exit.o(.text)
    .text                                    0x080005d8   Section        2  use_no_semi.o(.text)
    .text                                    0x080005da   Section        0  indicate_semi.o(.text)
    [Anonymous Symbol]                       0x080005dc   Section        0  stm32f0xx_it.o(.text.EXTI2_3_IRQHandler)
    __arm_cp.5_0                             0x080005f0   Number         4  stm32f0xx_it.o(.text.EXTI2_3_IRQHandler)
    [Anonymous Symbol]                       0x080005f4   Section        0  stm32f0xx_it.o(.text.HardFault_Handler)
    [Anonymous Symbol]                       0x080005f8   Section        0  stm32f0xx_ll_exti.o(.text.LL_EXTI_Init)
    __arm_cp.1_0                             0x0800069c   Number         4  stm32f0xx_ll_exti.o(.text.LL_EXTI_Init)
    [Anonymous Symbol]                       0x080006a0   Section        0  stm32f0xx_ll_gpio.o(.text.LL_GPIO_Init)
    [Anonymous Symbol]                       0x08000750   Section        0  stm32f0xx_ll_utils.o(.text.LL_Init1msTick)
    [Anonymous Symbol]                       0x0800076c   Section        0  stm32f0xx_ll_rcc.o(.text.LL_RCC_GetUSARTClockFreq)
    __arm_cp.5_0                             0x08000818   Number         4  stm32f0xx_ll_rcc.o(.text.LL_RCC_GetUSARTClockFreq)
    __arm_cp.5_1                             0x0800081c   Number         4  stm32f0xx_ll_rcc.o(.text.LL_RCC_GetUSARTClockFreq)
    __arm_cp.5_2                             0x08000820   Number         4  stm32f0xx_ll_rcc.o(.text.LL_RCC_GetUSARTClockFreq)
    __arm_cp.5_3                             0x08000824   Number         4  stm32f0xx_ll_rcc.o(.text.LL_RCC_GetUSARTClockFreq)
    __arm_cp.5_4                             0x08000828   Number         4  stm32f0xx_ll_rcc.o(.text.LL_RCC_GetUSARTClockFreq)
    [Anonymous Symbol]                       0x0800082c   Section        0  stm32f0xx_ll_spi.o(.text.LL_SPI_Init)
    __arm_cp.1_0                             0x08000890   Number         4  stm32f0xx_ll_spi.o(.text.LL_SPI_Init)
    __arm_cp.1_1                             0x08000894   Number         4  stm32f0xx_ll_spi.o(.text.LL_SPI_Init)
    [Anonymous Symbol]                       0x08000898   Section        0  stm32f0xx_ll_utils.o(.text.LL_SetSystemCoreClock)
    __arm_cp.2_0                             0x080008a0   Number         4  stm32f0xx_ll_utils.o(.text.LL_SetSystemCoreClock)
    [Anonymous Symbol]                       0x080008a4   Section        0  stm32f0xx_ll_tim.o(.text.LL_TIM_Init)
    __arm_cp.2_0                             0x08000920   Number         4  stm32f0xx_ll_tim.o(.text.LL_TIM_Init)
    __arm_cp.2_1                             0x08000924   Number         4  stm32f0xx_ll_tim.o(.text.LL_TIM_Init)
    __arm_cp.2_2                             0x08000928   Number         4  stm32f0xx_ll_tim.o(.text.LL_TIM_Init)
    __arm_cp.2_3                             0x0800092c   Number         4  stm32f0xx_ll_tim.o(.text.LL_TIM_Init)
    __arm_cp.2_4                             0x08000930   Number         4  stm32f0xx_ll_tim.o(.text.LL_TIM_Init)
    __arm_cp.2_5                             0x08000934   Number         4  stm32f0xx_ll_tim.o(.text.LL_TIM_Init)
    [Anonymous Symbol]                       0x08000938   Section        0  stm32f0xx_ll_usart.o(.text.LL_USART_Init)
    __arm_cp.1_0                             0x080009cc   Number         4  stm32f0xx_ll_usart.o(.text.LL_USART_Init)
    __arm_cp.1_1                             0x080009d0   Number         4  stm32f0xx_ll_usart.o(.text.LL_USART_Init)
    __arm_cp.1_2                             0x080009d4   Number         4  stm32f0xx_ll_usart.o(.text.LL_USART_Init)
    [Anonymous Symbol]                       0x080009d8   Section        0  stm32f0xx_ll_utils.o(.text.LL_mDelay)
    __arm_cp.1_0                             0x08000a18   Number         4  stm32f0xx_ll_utils.o(.text.LL_mDelay)
    [Anonymous Symbol]                       0x08000a1c   Section        0  stm32f0xx_it.o(.text.NMI_Handler)
    [Anonymous Symbol]                       0x08000a1e   Section        0  stm32f0xx_it.o(.text.PendSV_Handler)
    [Anonymous Symbol]                       0x08000a20   Section        0  stm32f0xx_it.o(.text.SVC_Handler)
    [Anonymous Symbol]                       0x08000a22   Section        0  stm32f0xx_it.o(.text.SysTick_Handler)
    [Anonymous Symbol]                       0x08000a24   Section        0  main.o(.text.SystemClock_Config)
    __arm_cp.4_0                             0x08000b24   Number         4  main.o(.text.SystemClock_Config)
    __arm_cp.4_1                             0x08000b28   Number         4  main.o(.text.SystemClock_Config)
    __arm_cp.4_2                             0x08000b2c   Number         4  main.o(.text.SystemClock_Config)
    [Anonymous Symbol]                       0x08000b30   Section        0  system_stm32f0xx.o(.text.SystemInit)
    [Anonymous Symbol]                       0x08000b32   Section        0  stm32f0xx_it.o(.text.TIM1_CC_IRQHandler)
    [Anonymous Symbol]                       0x08000b3c   Section        0  main.o(.text.TIM1_Callback)
    __arm_cp.5_0                             0x08000b4c   Number         4  main.o(.text.TIM1_Callback)
    [Anonymous Symbol]                       0x08000b50   Section        0  kombo_nrf24.o(.text.irq_callback)
    __arm_cp.16_0                            0x08000d60   Number         4  kombo_nrf24.o(.text.irq_callback)
    __arm_cp.16_1                            0x08000d64   Number         4  kombo_nrf24.o(.text.irq_callback)
    __arm_cp.16_2                            0x08000d68   Number         4  kombo_nrf24.o(.text.irq_callback)
    __arm_cp.16_3                            0x08000d6c   Number         4  kombo_nrf24.o(.text.irq_callback)
    [Anonymous Symbol]                       0x08000d70   Section        0  main.o(.text.main)
    __arm_cp.3_0                             0x08001100   Number         4  main.o(.text.main)
    __arm_cp.3_1                             0x08001104   Number         4  main.o(.text.main)
    __arm_cp.3_2                             0x08001108   Number         4  main.o(.text.main)
    __arm_cp.3_3                             0x0800110c   Number         4  main.o(.text.main)
    __arm_cp.3_4                             0x08001110   Number         4  main.o(.text.main)
    __arm_cp.3_5                             0x08001114   Number         4  main.o(.text.main)
    __arm_cp.3_6                             0x08001118   Number         4  main.o(.text.main)
    __arm_cp.3_7                             0x0800111c   Number         4  main.o(.text.main)
    __arm_cp.3_8                             0x08001120   Number         4  main.o(.text.main)
    __arm_cp.3_9                             0x08001124   Number         4  main.o(.text.main)
    __arm_cp.3_10                            0x08001128   Number         4  main.o(.text.main)
    __arm_cp.3_11                            0x0800112c   Number         4  main.o(.text.main)
    __arm_cp.3_12                            0x08001130   Number         4  main.o(.text.main)
    __arm_cp.3_13                            0x08001134   Number         4  main.o(.text.main)
    __arm_cp.3_14                            0x08001138   Number         4  main.o(.text.main)
    __arm_cp.3_15                            0x0800113c   Number         4  main.o(.text.main)
    __arm_cp.3_16                            0x08001140   Number         4  main.o(.text.main)
    __arm_cp.3_18                            0x0800114c   Number         4  main.o(.text.main)
    __arm_cp.3_19                            0x08001150   Number         4  main.o(.text.main)
    __arm_cp.3_20                            0x08001154   Number         4  main.o(.text.main)
    __arm_cp.3_21                            0x08001158   Number         4  main.o(.text.main)
    __arm_cp.3_22                            0x0800115c   Number         4  main.o(.text.main)
    [Anonymous Symbol]                       0x08001160   Section        0  kombo_nrf24.o(.text.nrf24_init)
    __arm_cp.15_0                            0x080013ac   Number         4  kombo_nrf24.o(.text.nrf24_init)
    __arm_cp.15_1                            0x080013b0   Number         4  kombo_nrf24.o(.text.nrf24_init)
    __arm_cp.15_2                            0x080013b4   Number         4  kombo_nrf24.o(.text.nrf24_init)
    __arm_cp.15_3                            0x080013b8   Number         4  kombo_nrf24.o(.text.nrf24_init)
    __arm_cp.15_4                            0x080013bc   Number         4  kombo_nrf24.o(.text.nrf24_init)
    [Anonymous Symbol]                       0x080013c0   Section        0  kombo_nrf24.o(.text.nrf24_read_buf)
    [Anonymous Symbol]                       0x080013f4   Section        0  kombo_nrf24.o(.text.nrf24_read_reg)
    [Anonymous Symbol]                       0x08001410   Section        0  kombo_nrf24.o(.text.nrf24_rx_mode)
    __arm_cp.10_1                            0x080015b4   Number         4  kombo_nrf24.o(.text.nrf24_rx_mode)
    __arm_cp.10_2                            0x080015b8   Number         4  kombo_nrf24.o(.text.nrf24_rx_mode)
    __arm_cp.10_3                            0x080015bc   Number         4  kombo_nrf24.o(.text.nrf24_rx_mode)
    [Anonymous Symbol]                       0x080015c0   Section        0  kombo_nrf24.o(.text.nrf24_send)
    __arm_cp.13_0                            0x08001788   Number         4  kombo_nrf24.o(.text.nrf24_send)
    __arm_cp.13_1                            0x0800178c   Number         4  kombo_nrf24.o(.text.nrf24_send)
    __arm_cp.13_2                            0x08001790   Number         4  kombo_nrf24.o(.text.nrf24_send)
    [Anonymous Symbol]                       0x08001794   Section        0  kombo_nrf24.o(.text.nrf24_tx_mode)
    __arm_cp.11_0                            0x080018e8   Number         4  kombo_nrf24.o(.text.nrf24_tx_mode)
    __arm_cp.11_1                            0x080018ec   Number         4  kombo_nrf24.o(.text.nrf24_tx_mode)
    __arm_cp.11_2                            0x080018f0   Number         4  kombo_nrf24.o(.text.nrf24_tx_mode)
    __arm_cp.11_3                            0x080018f4   Number         4  kombo_nrf24.o(.text.nrf24_tx_mode)
    [Anonymous Symbol]                       0x080018f8   Section        0  main.o(.text.nrf_info_print)
    __arm_cp.0_0                             0x080019bc   Number         4  main.o(.text.nrf_info_print)
    __arm_cp.0_1                             0x080019c0   Number         4  main.o(.text.nrf_info_print)
    [Anonymous Symbol]                       0x08001a58   Section        0  spi.o(.text.spi_change_byte)
    [Anonymous Symbol]                       0x08001a90   Section        0  spi.o(.text.spi_send_byte)
    __arm_cp.1_0                             0x08001ac8   Number         4  spi.o(.text.spi_send_byte)
    [Anonymous Symbol]                       0x08001acc   Section        0  usart.o(.text.usart_init)
    __arm_cp.0_0                             0x08001ad8   Number         4  usart.o(.text.usart_init)
    [Anonymous Symbol]                       0x08001adc   Section        0  usart.o(.text.usart_print)
    [Anonymous Symbol]                       0x08001b18   Section        0  usart.o(.text.usart_println)
    __arm_cp.3_0                             0x08001b8c   Number         4  usart.o(.text.usart_println)
    .text_divfast                            0x08001b90   Section      502  aeabi_sdivfast.o(.text_divfast)
    i._is_digit                              0x08001d86   Section        0  __printf_wp.o(i._is_digit)
    uc_hextab                                0x08001d94   Data          20  _printf_hex_int.o(.constdata)
    .constdata                               0x08001d94   Section       40  _printf_hex_int.o(.constdata)
    lc_hextab                                0x08001da8   Data          20  _printf_hex_int.o(.constdata)
    maptable                                 0x08001dbc   Data          17  __printf_flags_wp.o(.constdata)
    .constdata                               0x08001dbc   Section       17  __printf_flags_wp.o(.constdata)
    [Anonymous Symbol]                       0x08001de5   Section        0  main.o(.rodata.str1.1)
    .bss                                     0x20000010   Section       96  libspace.o(.bss)
    [Anonymous Symbol]                       0x20000070   Section        0  kombo_nrf24.o(.bss..L_MergedGlobals)
    [Anonymous Symbol]                       0x20000092   Section        0  main.o(.bss..L_MergedGlobals)
    Heap_Mem                                 0x200000f8   Data         512  startup_stm32f030x6.o(HEAP)
    HEAP                                     0x200000f8   Section      512  startup_stm32f030x6.o(HEAP)
    Stack_Mem                                0x200002f8   Data        1024  startup_stm32f030x6.o(STACK)
    STACK                                    0x200002f8   Section     1024  startup_stm32f030x6.o(STACK)
    __initial_sp                             0x200006f8   Data           0  startup_stm32f030x6.o(STACK)

    Global Symbols

    Symbol Name                              Value     Ov Type        Size  Object(Section)

    BuildAttributes$$THM_ISAv3M$S$PE$A:L22$X:L11$S22$IEEE1$IW$~IW$USESV6$~STKCKD$USESV7$~SHL$OTIME$ROPI$EBA8$UX$STANDARDLIB$REQ8$PRES8$EABIv2 0x00000000   Number         0  anon$$obj.o ABSOLUTE
    _printf_flags                            0x00000000   Number         0  printf_stubs.o ABSOLUTE
    _printf_return_value                     0x00000000   Number         0  printf_stubs.o ABSOLUTE
    _printf_sizespec                         0x00000000   Number         0  printf_stubs.o ABSOLUTE
    _printf_widthprec                        0x00000000   Number         0  printf_stubs.o ABSOLUTE
    __ARM_exceptions_init                     - Undefined Weak Reference
    __alloca_initialize                       - Undefined Weak Reference
    __arm_preinit_                            - Undefined Weak Reference
    __arm_relocate_pie_                       - Undefined Weak Reference
    __cpp_initialize__aeabi_                  - Undefined Weak Reference
    __cxa_finalize                            - Undefined Weak Reference
    __rt_locale                               - Undefined Weak Reference
    __sigvec_lookup                           - Undefined Weak Reference
    _atexit_init                              - Undefined Weak Reference
    _call_atexit_fns                          - Undefined Weak Reference
    _clock_init                               - Undefined Weak Reference
    _fp_trap_init                             - Undefined Weak Reference
    _fp_trap_shutdown                         - Undefined Weak Reference
    _get_lc_collate                           - Undefined Weak Reference
    _get_lc_ctype                             - Undefined Weak Reference
    _get_lc_monetary                          - Undefined Weak Reference
    _get_lc_numeric                           - Undefined Weak Reference
    _get_lc_time                              - Undefined Weak Reference
    _getenv_init                              - Undefined Weak Reference
    _handle_redirection                       - Undefined Weak Reference
    _init_alloc                               - Undefined Weak Reference
    _init_user_alloc                          - Undefined Weak Reference
    _initio                                   - Undefined Weak Reference
    _printf_truncate_signed                   - Undefined Weak Reference
    _printf_truncate_unsigned                 - Undefined Weak Reference
    _rand_init                                - Undefined Weak Reference
    _signal_finish                            - Undefined Weak Reference
    _signal_init                              - Undefined Weak Reference
    _terminate_alloc                          - Undefined Weak Reference
    _terminate_user_alloc                     - Undefined Weak Reference
    _terminateio                              - Undefined Weak Reference
    __Vectors_Size                           0x000000b0   Number         0  startup_stm32f030x6.o ABSOLUTE
    __Vectors                                0x08000000   Data           4  startup_stm32f030x6.o(RESET)
    __Vectors_End                            0x080000b0   Data           0  startup_stm32f030x6.o(RESET)
    __main                                   0x080000b1   Thumb Code     8  __main.o(!!!main)
    __scatterload                            0x080000b9   Thumb Code     0  __scatter.o(!!!scatter)
    __scatterload_rt2                        0x080000b9   Thumb Code    52  __scatter.o(!!!scatter)
    __scatterload_rt2_thumb_only             0x080000b9   Thumb Code     0  __scatter.o(!!!scatter)
    __scatterload_null                       0x080000c9   Thumb Code     0  __scatter.o(!!!scatter)
    __scatterload_copy                       0x080000f5   Thumb Code    26  __scatter_copy.o(!!handler_copy)
    __scatterload_zeroinit                   0x08000111   Thumb Code    28  __scatter_zi.o(!!handler_zi)
    _printf_percent                          0x0800012d   Thumb Code     0  _printf_percent.o(.ARM.Collect$$_printf_percent$$00000000)
    _printf_d                                0x0800012f   Thumb Code     0  _printf_d.o(.ARM.Collect$$_printf_percent$$00000009)
    _printf_x                                0x08000139   Thumb Code     0  _printf_x.o(.ARM.Collect$$_printf_percent$$0000000C)
    _printf_percent_end                      0x08000143   Thumb Code     0  _printf_percent_end.o(.ARM.Collect$$_printf_percent$$00000017)
    __rt_lib_init                            0x08000147   Thumb Code     0  libinit.o(.ARM.Collect$$libinit$$00000000)
    __rt_lib_init_alloca_1                   0x08000149   Thumb Code     0  libinit2.o(.ARM.Collect$$libinit$$00000030)
    __rt_lib_init_argv_1                     0x08000149   Thumb Code     0  libinit2.o(.ARM.Collect$$libinit$$0000002E)
    __rt_lib_init_atexit_1                   0x08000149   Thumb Code     0  libinit2.o(.ARM.Collect$$libinit$$0000001D)
    __rt_lib_init_clock_1                    0x08000149   Thumb Code     0  libinit2.o(.ARM.Collect$$libinit$$00000023)
    __rt_lib_init_cpp_1                      0x08000149   Thumb Code     0  libinit2.o(.ARM.Collect$$libinit$$00000034)
    __rt_lib_init_exceptions_1               0x08000149   Thumb Code     0  libinit2.o(.ARM.Collect$$libinit$$00000032)
    __rt_lib_init_fp_1                       0x08000149   Thumb Code     0  libinit2.o(.ARM.Collect$$libinit$$00000002)
    __rt_lib_init_fp_trap_1                  0x08000149   Thumb Code     0  libinit2.o(.ARM.Collect$$libinit$$00000021)
    __rt_lib_init_getenv_1                   0x08000149   Thumb Code     0  libinit2.o(.ARM.Collect$$libinit$$00000025)
    __rt_lib_init_heap_1                     0x08000149   Thumb Code     0  libinit2.o(.ARM.Collect$$libinit$$0000000C)
    __rt_lib_init_lc_collate_1               0x08000149   Thumb Code     0  libinit2.o(.ARM.Collect$$libinit$$00000013)
    __rt_lib_init_lc_ctype_1                 0x08000149   Thumb Code     0  libinit2.o(.ARM.Collect$$libinit$$00000015)
    __rt_lib_init_lc_monetary_1              0x08000149   Thumb Code     0  libinit2.o(.ARM.Collect$$libinit$$00000017)
    __rt_lib_init_lc_numeric_1               0x08000149   Thumb Code     0  libinit2.o(.ARM.Collect$$libinit$$00000019)
    __rt_lib_init_lc_time_1                  0x08000149   Thumb Code     0  libinit2.o(.ARM.Collect$$libinit$$0000001B)
    __rt_lib_init_preinit_1                  0x08000149   Thumb Code     0  libinit2.o(.ARM.Collect$$libinit$$00000006)
    __rt_lib_init_rand_1                     0x08000149   Thumb Code     0  libinit2.o(.ARM.Collect$$libinit$$00000010)
    __rt_lib_init_relocate_pie_1             0x08000149   Thumb Code     0  libinit2.o(.ARM.Collect$$libinit$$00000004)
    __rt_lib_init_return                     0x08000149   Thumb Code     0  libinit2.o(.ARM.Collect$$libinit$$00000035)
    __rt_lib_init_signal_1                   0x08000149   Thumb Code     0  libinit2.o(.ARM.Collect$$libinit$$0000001F)
    __rt_lib_init_stdio_1                    0x08000149   Thumb Code     0  libinit2.o(.ARM.Collect$$libinit$$00000027)
    __rt_lib_init_user_alloc_1               0x08000149   Thumb Code     0  libinit2.o(.ARM.Collect$$libinit$$0000000E)
    __rt_lib_shutdown                        0x0800014b   Thumb Code     0  libshutdown.o(.ARM.Collect$$libshutdown$$00000000)
    __rt_lib_shutdown_cpp_1                  0x0800014d   Thumb Code     0  libshutdown2.o(.ARM.Collect$$libshutdown$$00000002)
    __rt_lib_shutdown_fp_trap_1              0x0800014d   Thumb Code     0  libshutdown2.o(.ARM.Collect$$libshutdown$$00000007)
    __rt_lib_shutdown_heap_1                 0x0800014d   Thumb Code     0  libshutdown2.o(.ARM.Collect$$libshutdown$$0000000F)
    __rt_lib_shutdown_return                 0x0800014d   Thumb Code     0  libshutdown2.o(.ARM.Collect$$libshutdown$$00000010)
    __rt_lib_shutdown_signal_1               0x0800014d   Thumb Code     0  libshutdown2.o(.ARM.Collect$$libshutdown$$0000000A)
    __rt_lib_shutdown_stdio_1                0x0800014d   Thumb Code     0  libshutdown2.o(.ARM.Collect$$libshutdown$$00000004)
    __rt_lib_shutdown_user_alloc_1           0x0800014d   Thumb Code     0  libshutdown2.o(.ARM.Collect$$libshutdown$$0000000C)
    __rt_entry                               0x0800014f   Thumb Code     0  __rtentry.o(.ARM.Collect$$rtentry$$00000000)
    __rt_entry_presh_1                       0x0800014f   Thumb Code     0  __rtentry2.o(.ARM.Collect$$rtentry$$00000002)
    __rt_entry_sh                            0x0800014f   Thumb Code     0  __rtentry4.o(.ARM.Collect$$rtentry$$00000004)
    __rt_entry_li                            0x08000155   Thumb Code     0  __rtentry2.o(.ARM.Collect$$rtentry$$0000000A)
    __rt_entry_postsh_1                      0x08000155   Thumb Code     0  __rtentry2.o(.ARM.Collect$$rtentry$$00000009)
    __rt_entry_main                          0x08000159   Thumb Code     0  __rtentry2.o(.ARM.Collect$$rtentry$$0000000D)
    __rt_entry_postli_1                      0x08000159   Thumb Code     0  __rtentry2.o(.ARM.Collect$$rtentry$$0000000C)
    __rt_exit                                0x08000161   Thumb Code     0  rtexit.o(.ARM.Collect$$rtexit$$00000000)
    __rt_exit_ls                             0x08000163   Thumb Code     0  rtexit2.o(.ARM.Collect$$rtexit$$00000003)
    __rt_exit_prels_1                        0x08000163   Thumb Code     0  rtexit2.o(.ARM.Collect$$rtexit$$00000002)
    __rt_exit_exit                           0x08000167   Thumb Code     0  rtexit2.o(.ARM.Collect$$rtexit$$00000004)
    Reset_Handler                            0x0800016d   Thumb Code     8  startup_stm32f030x6.o(.text)
    ADC1_IRQHandler                          0x0800017f   Thumb Code     0  startup_stm32f030x6.o(.text)
    DMA1_Channel1_IRQHandler                 0x0800017f   Thumb Code     0  startup_stm32f030x6.o(.text)
    DMA1_Channel2_3_IRQHandler               0x0800017f   Thumb Code     0  startup_stm32f030x6.o(.text)
    DMA1_Channel4_5_IRQHandler               0x0800017f   Thumb Code     0  startup_stm32f030x6.o(.text)
    EXTI0_1_IRQHandler                       0x0800017f   Thumb Code     0  startup_stm32f030x6.o(.text)
    EXTI4_15_IRQHandler                      0x0800017f   Thumb Code     0  startup_stm32f030x6.o(.text)
    FLASH_IRQHandler                         0x0800017f   Thumb Code     0  startup_stm32f030x6.o(.text)
    I2C1_IRQHandler                          0x0800017f   Thumb Code     0  startup_stm32f030x6.o(.text)
    RCC_IRQHandler                           0x0800017f   Thumb Code     0  startup_stm32f030x6.o(.text)
    RTC_IRQHandler                           0x0800017f   Thumb Code     0  startup_stm32f030x6.o(.text)
    SPI1_IRQHandler                          0x0800017f   Thumb Code     0  startup_stm32f030x6.o(.text)
    TIM14_IRQHandler                         0x0800017f   Thumb Code     0  startup_stm32f030x6.o(.text)
    TIM16_IRQHandler                         0x0800017f   Thumb Code     0  startup_stm32f030x6.o(.text)
    TIM17_IRQHandler                         0x0800017f   Thumb Code     0  startup_stm32f030x6.o(.text)
    TIM1_BRK_UP_TRG_COM_IRQHandler           0x0800017f   Thumb Code     0  startup_stm32f030x6.o(.text)
    TIM3_IRQHandler                          0x0800017f   Thumb Code     0  startup_stm32f030x6.o(.text)
    USART1_IRQHandler                        0x0800017f   Thumb Code     0  startup_stm32f030x6.o(.text)
    WWDG_IRQHandler                          0x0800017f   Thumb Code     0  startup_stm32f030x6.o(.text)
    __user_initial_stackheap                 0x08000181   Thumb Code     0  startup_stm32f030x6.o(.text)
    __2sprintf                               0x080001a5   Thumb Code    36  noretval__2sprintf.o(.text)
    _printf_pre_padding                      0x080001cd   Thumb Code    44  _printf_pad.o(.text)
    _printf_post_padding                     0x080001f9   Thumb Code    34  _printf_pad.o(.text)
    _printf_int_dec                          0x0800021d   Thumb Code    90  _printf_dec.o(.text)
    _printf_int_hex                          0x08000289   Thumb Code    84  _printf_hex_int.o(.text)
    _printf_longlong_hex                     0x08000289   Thumb Code     0  _printf_hex_int.o(.text)
    __printf                                 0x080002e1   Thumb Code   306  __printf_flags_wp.o(.text)
    strlen                                   0x08000419   Thumb Code    62  strlen.o(.text)
    __use_two_region_memory                  0x0800045d   Thumb Code     2  heapauxi.o(.text)
    __rt_heap_escrow$2region                 0x0800045f   Thumb Code     2  heapauxi.o(.text)
    __rt_heap_expand$2region                 0x08000461   Thumb Code     2  heapauxi.o(.text)
    _printf_int_common                       0x08000463   Thumb Code   176  _printf_intcommon.o(.text)
    _printf_char_common                      0x0800051f   Thumb Code    32  _printf_char_common.o(.text)
    _sputc                                   0x08000545   Thumb Code    10  _sputc.o(.text)
    __rt_udiv10                              0x0800054f   Thumb Code    40  rtudiv10.o(.text)
    __user_setup_stackheap                   0x08000577   Thumb Code    62  sys_stackheap_outer.o(.text)
    exit                                     0x080005b5   Thumb Code    16  exit.o(.text)
    __user_libspace                          0x080005c5   Thumb Code     8  libspace.o(.text)
    __user_perproc_libspace                  0x080005c5   Thumb Code     0  libspace.o(.text)
    __user_perthread_libspace                0x080005c5   Thumb Code     0  libspace.o(.text)
    _sys_exit                                0x080005cd   Thumb Code     8  sys_exit.o(.text)
    __I$use$semihosting                      0x080005d9   Thumb Code     0  use_no_semi.o(.text)
    __use_no_semihosting_swi                 0x080005d9   Thumb Code     2  use_no_semi.o(.text)
    __semihosting_library_function           0x080005db   Thumb Code     0  indicate_semi.o(.text)
    EXTI2_3_IRQHandler                       0x080005dd   Thumb Code    20  stm32f0xx_it.o(.text.EXTI2_3_IRQHandler)
    HardFault_Handler                        0x080005f5   Thumb Code     2  stm32f0xx_it.o(.text.HardFault_Handler)
    LL_EXTI_Init                             0x080005f9   Thumb Code   164  stm32f0xx_ll_exti.o(.text.LL_EXTI_Init)
    LL_GPIO_Init                             0x080006a1   Thumb Code   174  stm32f0xx_ll_gpio.o(.text.LL_GPIO_Init)
    LL_Init1msTick                           0x08000751   Thumb Code    28  stm32f0xx_ll_utils.o(.text.LL_Init1msTick)
    LL_RCC_GetUSARTClockFreq                 0x0800076d   Thumb Code   172  stm32f0xx_ll_rcc.o(.text.LL_RCC_GetUSARTClockFreq)
    LL_SPI_Init                              0x0800082d   Thumb Code   100  stm32f0xx_ll_spi.o(.text.LL_SPI_Init)
    LL_SetSystemCoreClock                    0x08000899   Thumb Code     8  stm32f0xx_ll_utils.o(.text.LL_SetSystemCoreClock)
    LL_TIM_Init                              0x080008a5   Thumb Code   124  stm32f0xx_ll_tim.o(.text.LL_TIM_Init)
    LL_USART_Init                            0x08000939   Thumb Code   148  stm32f0xx_ll_usart.o(.text.LL_USART_Init)
    LL_mDelay                                0x080009d9   Thumb Code    64  stm32f0xx_ll_utils.o(.text.LL_mDelay)
    NMI_Handler                              0x08000a1d   Thumb Code     2  stm32f0xx_it.o(.text.NMI_Handler)
    PendSV_Handler                           0x08000a1f   Thumb Code     2  stm32f0xx_it.o(.text.PendSV_Handler)
    SVC_Handler                              0x08000a21   Thumb Code     2  stm32f0xx_it.o(.text.SVC_Handler)
    SysTick_Handler                          0x08000a23   Thumb Code     2  stm32f0xx_it.o(.text.SysTick_Handler)
    SystemClock_Config                       0x08000a25   Thumb Code   256  main.o(.text.SystemClock_Config)
    SystemInit                               0x08000b31   Thumb Code     2  system_stm32f0xx.o(.text.SystemInit)
    TIM1_CC_IRQHandler                       0x08000b33   Thumb Code     8  stm32f0xx_it.o(.text.TIM1_CC_IRQHandler)
    TIM1_Callback                            0x08000b3d   Thumb Code    16  main.o(.text.TIM1_Callback)
    irq_callback                             0x08000b51   Thumb Code   528  kombo_nrf24.o(.text.irq_callback)
    main                                     0x08000d71   Thumb Code   912  main.o(.text.main)
    nrf24_init                               0x08001161   Thumb Code   588  kombo_nrf24.o(.text.nrf24_init)
    nrf24_read_buf                           0x080013c1   Thumb Code    52  kombo_nrf24.o(.text.nrf24_read_buf)
    nrf24_read_reg                           0x080013f5   Thumb Code    28  kombo_nrf24.o(.text.nrf24_read_reg)
    nrf24_rx_mode                            0x08001411   Thumb Code   420  kombo_nrf24.o(.text.nrf24_rx_mode)
    nrf24_send                               0x080015c1   Thumb Code   456  kombo_nrf24.o(.text.nrf24_send)
    nrf24_tx_mode                            0x08001795   Thumb Code   340  kombo_nrf24.o(.text.nrf24_tx_mode)
    nrf_info_print                           0x080018f9   Thumb Code   196  main.o(.text.nrf_info_print)
    spi_change_byte                          0x08001a59   Thumb Code    56  spi.o(.text.spi_change_byte)
    spi_send_byte                            0x08001a91   Thumb Code    56  spi.o(.text.spi_send_byte)
    usart_init                               0x08001acd   Thumb Code    12  usart.o(.text.usart_init)
    usart_print                              0x08001add   Thumb Code    60  usart.o(.text.usart_print)
    usart_println                            0x08001b19   Thumb Code   116  usart.o(.text.usart_println)
    __aeabi_uidiv                            0x08001b91   Thumb Code    68  aeabi_sdivfast.o(.text_divfast)
    __aeabi_idiv                             0x08001bd5   Thumb Code   434  aeabi_sdivfast.o(.text_divfast)
    _is_digit                                0x08001d87   Thumb Code    14  __printf_wp.o(i._is_digit)
    AHBPrescTable                            0x08001dcd   Data          16  system_stm32f0xx.o(.rodata.AHBPrescTable)
    APBPrescTable                            0x08001ddd   Data           8  system_stm32f0xx.o(.rodata.APBPrescTable)
    Region$$Table$$Base                      0x08001e04   Number         0  anon$$obj.o(Region$$Table)
    Region$$Table$$Limit                     0x08001e24   Number         0  anon$$obj.o(Region$$Table)
    SystemCoreClock                          0x20000000   Data           4  system_stm32f0xx.o(.data.SystemCoreClock)
    tx_addr_0                                0x20000004   Data           3  kombo_nrf24.o(.data.tx_addr_0)
    tx_addr_1                                0x20000007   Data           3  kombo_nrf24.o(.data.tx_addr_1)
    __libspace_start                         0x20000010   Data          96  libspace.o(.bss)
    __temporary_stack_top$libspace           0x20000070   Data           0  libspace.o(.bss)
    f_rx                                     0x20000070   Data           1  kombo_nrf24.o(.bss..L_MergedGlobals)
    f_tx                                     0x20000071   Data           1  kombo_nrf24.o(.bss..L_MergedGlobals)
    rx_buf                                   0x20000072   Data          32  kombo_nrf24.o(.bss..L_MergedGlobals)
    counter                                  0x20000092   Data           1  main.o(.bss..L_MergedGlobals)
    str                                      0x20000093   Data          64  main.o(.bss..L_MergedGlobals)
    tx_buf                                   0x200000d3   Data          32  kombo_nrf24.o(.bss.tx_buf)



==============================================================================

Memory Map of the image

  Image Entry point : 0x080000b1

  Load Region LR_IROM1 (Base: 0x08000000, Size: 0x00001e38, Max: 0x00004000, ABSOLUTE)

    Execution Region ER_IROM1 (Exec base: 0x08000000, Load base: 0x08000000, Size: 0x00001e24, Max: 0x00004000, ABSOLUTE)

    Exec Addr    Load Addr    Size         Type   Attr      Idx    E Section Name        Object

    0x08000000   0x08000000   0x000000b0   Data   RO            3    RESET               startup_stm32f030x6.o
    0x080000b0   0x080000b0   0x00000008   Code   RO          379  * !!!main             c_p.l(__main.o)
    0x080000b8   0x080000b8   0x0000003c   Code   RO          567    !!!scatter          c_p.l(__scatter.o)
    0x080000f4   0x080000f4   0x0000001a   Code   RO          569    !!handler_copy      c_p.l(__scatter_copy.o)
    0x0800010e   0x0800010e   0x00000002   PAD
    0x08000110   0x08000110   0x0000001c   Code   RO          571    !!handler_zi        c_p.l(__scatter_zi.o)
    0x0800012c   0x0800012c   0x00000002   Code   RO          364    .ARM.Collect$$_printf_percent$$00000000  c_p.l(_printf_percent.o)
    0x0800012e   0x0800012e   0x0000000a   Code   RO          363    .ARM.Collect$$_printf_percent$$00000009  c_p.l(_printf_d.o)
    0x08000138   0x08000138   0x0000000a   Code   RO          362    .ARM.Collect$$_printf_percent$$0000000C  c_p.l(_printf_x.o)
    0x08000142   0x08000142   0x00000004   Code   RO          392    .ARM.Collect$$_printf_percent$$00000017  c_p.l(_printf_percent_end.o)
    0x08000146   0x08000146   0x00000002   Code   RO          428    .ARM.Collect$$libinit$$00000000  c_p.l(libinit.o)
    0x08000148   0x08000148   0x00000000   Code   RO          442    .ARM.Collect$$libinit$$00000002  c_p.l(libinit2.o)
    0x08000148   0x08000148   0x00000000   Code   RO          444    .ARM.Collect$$libinit$$00000004  c_p.l(libinit2.o)
    0x08000148   0x08000148   0x00000000   Code   RO          446    .ARM.Collect$$libinit$$00000006  c_p.l(libinit2.o)
    0x08000148   0x08000148   0x00000000   Code   RO          449    .ARM.Collect$$libinit$$0000000C  c_p.l(libinit2.o)
    0x08000148   0x08000148   0x00000000   Code   RO          451    .ARM.Collect$$libinit$$0000000E  c_p.l(libinit2.o)
    0x08000148   0x08000148   0x00000000   Code   RO          453    .ARM.Collect$$libinit$$00000010  c_p.l(libinit2.o)
    0x08000148   0x08000148   0x00000000   Code   RO          456    .ARM.Collect$$libinit$$00000013  c_p.l(libinit2.o)
    0x08000148   0x08000148   0x00000000   Code   RO          458    .ARM.Collect$$libinit$$00000015  c_p.l(libinit2.o)
    0x08000148   0x08000148   0x00000000   Code   RO          460    .ARM.Collect$$libinit$$00000017  c_p.l(libinit2.o)
    0x08000148   0x08000148   0x00000000   Code   RO          462    .ARM.Collect$$libinit$$00000019  c_p.l(libinit2.o)
    0x08000148   0x08000148   0x00000000   Code   RO          464    .ARM.Collect$$libinit$$0000001B  c_p.l(libinit2.o)
    0x08000148   0x08000148   0x00000000   Code   RO          466    .ARM.Collect$$libinit$$0000001D  c_p.l(libinit2.o)
    0x08000148   0x08000148   0x00000000   Code   RO          468    .ARM.Collect$$libinit$$0000001F  c_p.l(libinit2.o)
    0x08000148   0x08000148   0x00000000   Code   RO          470    .ARM.Collect$$libinit$$00000021  c_p.l(libinit2.o)
    0x08000148   0x08000148   0x00000000   Code   RO          472    .ARM.Collect$$libinit$$00000023  c_p.l(libinit2.o)
    0x08000148   0x08000148   0x00000000   Code   RO          474    .ARM.Collect$$libinit$$00000025  c_p.l(libinit2.o)
    0x08000148   0x08000148   0x00000000   Code   RO          476    .ARM.Collect$$libinit$$00000027  c_p.l(libinit2.o)
    0x08000148   0x08000148   0x00000000   Code   RO          480    .ARM.Collect$$libinit$$0000002E  c_p.l(libinit2.o)
    0x08000148   0x08000148   0x00000000   Code   RO          482    .ARM.Collect$$libinit$$00000030  c_p.l(libinit2.o)
    0x08000148   0x08000148   0x00000000   Code   RO          484    .ARM.Collect$$libinit$$00000032  c_p.l(libinit2.o)
    0x08000148   0x08000148   0x00000000   Code   RO          486    .ARM.Collect$$libinit$$00000034  c_p.l(libinit2.o)
    0x08000148   0x08000148   0x00000002   Code   RO          487    .ARM.Collect$$libinit$$00000035  c_p.l(libinit2.o)
    0x0800014a   0x0800014a   0x00000002   Code   RO          522    .ARM.Collect$$libshutdown$$00000000  c_p.l(libshutdown.o)
    0x0800014c   0x0800014c   0x00000000   Code   RO          550    .ARM.Collect$$libshutdown$$00000002  c_p.l(libshutdown2.o)
    0x0800014c   0x0800014c   0x00000000   Code   RO          552    .ARM.Collect$$libshutdown$$00000004  c_p.l(libshutdown2.o)
    0x0800014c   0x0800014c   0x00000000   Code   RO          555    .ARM.Collect$$libshutdown$$00000007  c_p.l(libshutdown2.o)
    0x0800014c   0x0800014c   0x00000000   Code   RO          558    .ARM.Collect$$libshutdown$$0000000A  c_p.l(libshutdown2.o)
    0x0800014c   0x0800014c   0x00000000   Code   RO          560    .ARM.Collect$$libshutdown$$0000000C  c_p.l(libshutdown2.o)
    0x0800014c   0x0800014c   0x00000000   Code   RO          563    .ARM.Collect$$libshutdown$$0000000F  c_p.l(libshutdown2.o)
    0x0800014c   0x0800014c   0x00000002   Code   RO          564    .ARM.Collect$$libshutdown$$00000010  c_p.l(libshutdown2.o)
    0x0800014e   0x0800014e   0x00000000   Code   RO          381    .ARM.Collect$$rtentry$$00000000  c_p.l(__rtentry.o)
    0x0800014e   0x0800014e   0x00000000   Code   RO          396    .ARM.Collect$$rtentry$$00000002  c_p.l(__rtentry2.o)
    0x0800014e   0x0800014e   0x00000006   Code   RO          408    .ARM.Collect$$rtentry$$00000004  c_p.l(__rtentry4.o)
    0x08000154   0x08000154   0x00000000   Code   RO          398    .ARM.Collect$$rtentry$$00000009  c_p.l(__rtentry2.o)
    0x08000154   0x08000154   0x00000004   Code   RO          399    .ARM.Collect$$rtentry$$0000000A  c_p.l(__rtentry2.o)
    0x08000158   0x08000158   0x00000000   Code   RO          401    .ARM.Collect$$rtentry$$0000000C  c_p.l(__rtentry2.o)
    0x08000158   0x08000158   0x00000008   Code   RO          402    .ARM.Collect$$rtentry$$0000000D  c_p.l(__rtentry2.o)
    0x08000160   0x08000160   0x00000002   Code   RO          433    .ARM.Collect$$rtexit$$00000000  c_p.l(rtexit.o)
    0x08000162   0x08000162   0x00000000   Code   RO          493    .ARM.Collect$$rtexit$$00000002  c_p.l(rtexit2.o)
    0x08000162   0x08000162   0x00000004   Code   RO          494    .ARM.Collect$$rtexit$$00000003  c_p.l(rtexit2.o)
    0x08000166   0x08000166   0x00000006   Code   RO          495    .ARM.Collect$$rtexit$$00000004  c_p.l(rtexit2.o)
    0x0800016c   0x0800016c   0x00000038   Code   RO            4    .text               startup_stm32f030x6.o
    0x080001a4   0x080001a4   0x00000028   Code   RO          313    .text               c_p.l(noretval__2sprintf.o)
    0x080001cc   0x080001cc   0x0000004e   Code   RO          317    .text               c_p.l(_printf_pad.o)
    0x0800021a   0x0800021a   0x00000002   PAD
    0x0800021c   0x0800021c   0x0000006c   Code   RO          319    .text               c_p.l(_printf_dec.o)
    0x08000288   0x08000288   0x00000058   Code   RO          324    .text               c_p.l(_printf_hex_int.o)
    0x080002e0   0x080002e0   0x00000138   Code   RO          354    .text               c_p.l(__printf_flags_wp.o)
    0x08000418   0x08000418   0x00000044   Code   RO          365    .text               c_p.l(strlen.o)
    0x0800045c   0x0800045c   0x00000006   Code   RO          377    .text               c_p.l(heapauxi.o)
    0x08000462   0x08000462   0x000000b0   Code   RO          386    .text               c_p.l(_printf_intcommon.o)
    0x08000512   0x08000512   0x00000002   PAD
    0x08000514   0x08000514   0x00000030   Code   RO          388    .text               c_p.l(_printf_char_common.o)
    0x08000544   0x08000544   0x0000000a   Code   RO          390    .text               c_p.l(_sputc.o)
    0x0800054e   0x0800054e   0x00000028   Code   RO          393    .text               c_p.l(rtudiv10.o)
    0x08000576   0x08000576   0x0000003e   Code   RO          414    .text               c_p.l(sys_stackheap_outer.o)
    0x080005b4   0x080005b4   0x00000010   Code   RO          417    .text               c_p.l(exit.o)
    0x080005c4   0x080005c4   0x00000008   Code   RO          429    .text               c_p.l(libspace.o)
    0x080005cc   0x080005cc   0x0000000c   Code   RO          488    .text               c_p.l(sys_exit.o)
    0x080005d8   0x080005d8   0x00000002   Code   RO          511    .text               c_p.l(use_no_semi.o)
    0x080005da   0x080005da   0x00000000   Code   RO          513    .text               c_p.l(indicate_semi.o)
    0x080005da   0x080005da   0x00000002   PAD
    0x080005dc   0x080005dc   0x00000018   Code   RO          122    .text.EXTI2_3_IRQHandler  stm32f0xx_it.o
    0x080005f4   0x080005f4   0x00000002   Code   RO          114    .text.HardFault_Handler  stm32f0xx_it.o
    0x080005f6   0x080005f6   0x00000002   PAD
    0x080005f8   0x080005f8   0x000000a8   Code   RO          195    .text.LL_EXTI_Init  stm32f0xx_ll_exti.o
    0x080006a0   0x080006a0   0x000000ae   Code   RO          135    .text.LL_GPIO_Init  stm32f0xx_ll_gpio.o
    0x0800074e   0x0800074e   0x00000002   PAD
    0x08000750   0x08000750   0x0000001c   Code   RO          171    .text.LL_Init1msTick  stm32f0xx_ll_utils.o
    0x0800076c   0x0800076c   0x000000c0   Code   RO          157    .text.LL_RCC_GetUSARTClockFreq  stm32f0xx_ll_rcc.o
    0x0800082c   0x0800082c   0x0000006c   Code   RO          209    .text.LL_SPI_Init   stm32f0xx_ll_spi.o
    0x08000898   0x08000898   0x0000000c   Code   RO          175    .text.LL_SetSystemCoreClock  stm32f0xx_ll_utils.o
    0x080008a4   0x080008a4   0x00000094   Code   RO          247    .text.LL_TIM_Init   stm32f0xx_ll_tim.o
    0x08000938   0x08000938   0x000000a0   Code   RO          279    .text.LL_USART_Init  stm32f0xx_ll_usart.o
    0x080009d8   0x080009d8   0x00000044   Code   RO          173    .text.LL_mDelay     stm32f0xx_ll_utils.o
    0x08000a1c   0x08000a1c   0x00000002   Code   RO          112    .text.NMI_Handler   stm32f0xx_it.o
    0x08000a1e   0x08000a1e   0x00000002   Code   RO          118    .text.PendSV_Handler  stm32f0xx_it.o
    0x08000a20   0x08000a20   0x00000002   Code   RO          116    .text.SVC_Handler   stm32f0xx_it.o
    0x08000a22   0x08000a22   0x00000002   Code   RO          120    .text.SysTick_Handler  stm32f0xx_it.o
    0x08000a24   0x08000a24   0x0000010c   Code   RO           95    .text.SystemClock_Config  main.o
    0x08000b30   0x08000b30   0x00000002   Code   RO          295    .text.SystemInit    system_stm32f0xx.o
    0x08000b32   0x08000b32   0x00000008   Code   RO          124    .text.TIM1_CC_IRQHandler  stm32f0xx_it.o
    0x08000b3a   0x08000b3a   0x00000002   PAD
    0x08000b3c   0x08000b3c   0x00000014   Code   RO           97    .text.TIM1_Callback  main.o
    0x08000b50   0x08000b50   0x00000220   Code   RO           59    .text.irq_callback  kombo_nrf24.o
    0x08000d70   0x08000d70   0x000003f0   Code   RO           93    .text.main          main.o
    0x08001160   0x08001160   0x00000260   Code   RO           57    .text.nrf24_init    kombo_nrf24.o
    0x080013c0   0x080013c0   0x00000034   Code   RO           39    .text.nrf24_read_buf  kombo_nrf24.o
    0x080013f4   0x080013f4   0x0000001c   Code   RO           33    .text.nrf24_read_reg  kombo_nrf24.o
    0x08001410   0x08001410   0x000001b0   Code   RO           47    .text.nrf24_rx_mode  kombo_nrf24.o
    0x080015c0   0x080015c0   0x000001d4   Code   RO           53    .text.nrf24_send    kombo_nrf24.o
    0x08001794   0x08001794   0x00000164   Code   RO           49    .text.nrf24_tx_mode  kombo_nrf24.o
    0x080018f8   0x080018f8   0x00000160   Code   RO           87    .text.nrf_info_print  main.o
    0x08001a58   0x08001a58   0x00000038   Code   RO           77    .text.spi_change_byte  spi.o
    0x08001a90   0x08001a90   0x0000003c   Code   RO           75    .text.spi_send_byte  spi.o
    0x08001acc   0x08001acc   0x00000010   Code   RO           11    .text.usart_init    usart.o
    0x08001adc   0x08001adc   0x0000003c   Code   RO           15    .text.usart_print   usart.o
    0x08001b18   0x08001b18   0x00000078   Code   RO           17    .text.usart_println  usart.o
    0x08001b90   0x08001b90   0x000001f6   Code   RO          370    .text_divfast       c_p.l(aeabi_sdivfast.o)
    0x08001d86   0x08001d86   0x0000000e   Code   RO          352    i._is_digit         c_p.l(__printf_wp.o)
    0x08001d94   0x08001d94   0x00000028   Data   RO          325    .constdata          c_p.l(_printf_hex_int.o)
    0x08001dbc   0x08001dbc   0x00000011   Data   RO          355    .constdata          c_p.l(__printf_flags_wp.o)
    0x08001dcd   0x08001dcd   0x00000010   Data   RO          300    .rodata.AHBPrescTable  system_stm32f0xx.o
    0x08001ddd   0x08001ddd   0x00000008   Data   RO          301    .rodata.APBPrescTable  system_stm32f0xx.o
    0x08001de5   0x08001de5   0x0000001f   Data   RO          101    .rodata.str1.1      main.o
    0x08001e04   0x08001e04   0x00000020   Data   RO          566    Region$$Table       anon$$obj.o


    Execution Region RW_IRAM1 (Exec base: 0x20000000, Load base: 0x08001e28, Size: 0x000006f8, Max: 0x00001000, ABSOLUTE)

    Exec Addr    Load Addr    Size         Type   Attr      Idx    E Section Name        Object

    0x20000000   0x08001e28   0x00000004   Data   RW          299    .data.SystemCoreClock  system_stm32f0xx.o
    0x20000004   0x08001e2c   0x00000003   Data   RW           61    .data.tx_addr_0     kombo_nrf24.o
    0x20000007   0x08001e2f   0x00000003   Data   RW           62    .data.tx_addr_1     kombo_nrf24.o
    0x2000000a   0x08001e32   0x00000006   PAD
    0x20000010        -       0x00000060   Zero   RW          430    .bss                c_p.l(libspace.o)
    0x20000070        -       0x00000022   Zero   RW           64    .bss..L_MergedGlobals  kombo_nrf24.o
    0x20000092        -       0x00000041   Zero   RW          103    .bss..L_MergedGlobals  main.o
    0x200000d3        -       0x00000020   Zero   RW           63    .bss.tx_buf         kombo_nrf24.o
    0x200000f3   0x08001e32   0x00000005   PAD
    0x200000f8        -       0x00000200   Zero   RW            2    HEAP                startup_stm32f030x6.o
    0x200002f8        -       0x00000400   Zero   RW            1    STACK               startup_stm32f030x6.o


==============================================================================

Image component sizes


      Code (inc. data)   RO Data    RW Data    ZI Data      Debug   Object Name

      2488         76          0          6         66      15477   kombo_nrf24.o
      1648        268         31          0         65      13586   main.o
       116          4          0          0          0       2384   spi.o
        56         26        176          0       1536        664   startup_stm32f030x6.o
        42          4          0          0          0       1731   stm32f0xx_it.o
       168          8          0          0          0       2615   stm32f0xx_ll_exti.o
       174          0          0          0          0       3414   stm32f0xx_ll_gpio.o
       192         20          0          0          0       6931   stm32f0xx_ll_rcc.o
       108          8          0          0          0       3047   stm32f0xx_ll_spi.o
       148         24          0          0          0      11404   stm32f0xx_ll_tim.o
       160         12          0          0          0       4728   stm32f0xx_ll_usart.o
       108          8          0          0          0       7997   stm32f0xx_ll_utils.o
         2          0         24          4          0       1863   system_stm32f0xx.o
       196          8          0          0          0       3118   usart.o

    ----------------------------------------------------------------------
      5612        466        263         12       1676      78959   Object Totals
         0          0         32          0          0          0   (incl. Generated)
         6          0          0          2          9          0   (incl. Padding)

    ----------------------------------------------------------------------

      Code (inc. data)   RO Data    RW Data    ZI Data      Debug   Library Member Name

         8          0          0          0          0         68   __main.o
       312          6         17          0          0         76   __printf_flags_wp.o
        14          0          0          0          0         60   __printf_wp.o
         0          0          0          0          0          0   __rtentry.o
        12          0          0          0          0          0   __rtentry2.o
         6          0          0          0          0          0   __rtentry4.o
        60          8          0          0          0          0   __scatter.o
        26          0          0          0          0          0   __scatter_copy.o
        28          0          0          0          0          0   __scatter_zi.o
        48          6          0          0          0         88   _printf_char_common.o
        10          0          0          0          0          0   _printf_d.o
       108         18          0          0          0         76   _printf_dec.o
        88          4         40          0          0         72   _printf_hex_int.o
       176          0          0          0          0         84   _printf_intcommon.o
        78          0          0          0          0        100   _printf_pad.o
         2          0          0          0          0          0   _printf_percent.o
         4          0          0          0          0          0   _printf_percent_end.o
        10          0          0          0          0          0   _printf_x.o
        10          0          0          0          0         60   _sputc.o
       502          0          0          0          0         92   aeabi_sdivfast.o
        16          0          0          0          0         68   exit.o
         6          0          0          0          0        136   heapauxi.o
         0          0          0          0          0          0   indicate_semi.o
         2          0          0          0          0          0   libinit.o
         2          0          0          0          0          0   libinit2.o
         2          0          0          0          0          0   libshutdown.o
         2          0          0          0          0          0   libshutdown2.o
         8          4          0          0         96         68   libspace.o
        40          4          0          0          0         84   noretval__2sprintf.o
         2          0          0          0          0          0   rtexit.o
        10          0          0          0          0          0   rtexit2.o
        40          0          0          0          0         60   rtudiv10.o
        68          6          0          0          0         72   strlen.o
        12          4          0          0          0         60   sys_exit.o
        62          0          0          0          0         80   sys_stackheap_outer.o
         2          0          0          0          0         68   use_no_semi.o

    ----------------------------------------------------------------------
      1784         60         57          0         96       1472   Library Totals
         8          0          0          0          0          0   (incl. Padding)

    ----------------------------------------------------------------------

      Code (inc. data)   RO Data    RW Data    ZI Data      Debug   Library Name

      1776         60         57          0         96       1472   c_p.l

    ----------------------------------------------------------------------
      1784         60         57          0         96       1472   Library Totals

    ----------------------------------------------------------------------

==============================================================================


      Code (inc. data)   RO Data    RW Data    ZI Data      Debug   

      7396        526        320         12       1772      79563   Grand Totals
      7396        526        320         12       1772      79563   ELF Image Totals
      7396        526        320         12          0          0   ROM Totals

==============================================================================

    Total RO  Size (Code + RO Data)                 7716 (   7.54kB)
    Total RW  Size (RW Data + ZI Data)              1784 (   1.74kB)
    Total ROM Size (Code + RO Data + RW Data)       7728 (   7.55kB)

==============================================================================

